Archive member included to satisfy reference by file (symbol)

D:/Tool/STM32CubeIDE_1.6.1/STM32CubeIDE/plugins/com.st.stm32cube.ide.mcu.externaltools.gnu-tools-for-stm32.11.3.rel1.win32_1.1.100.202309141235/tools/bin/../lib/gcc/arm-none-eabi/11.3.1/../../../../arm-none-eabi/lib/thumb/v6-m/nofp\libc_nano.a(libc_a-exit.o)
                              D:/Tool/STM32CubeIDE_1.6.1/STM32CubeIDE/plugins/com.st.stm32cube.ide.mcu.externaltools.gnu-tools-for-stm32.11.3.rel1.win32_1.1.100.202309141235/tools/bin/../lib/gcc/arm-none-eabi/11.3.1/../../../../arm-none-eabi/lib/thumb/v6-m/nofp/crt0.o (exit)
D:/Tool/STM32CubeIDE_1.6.1/STM32CubeIDE/plugins/com.st.stm32cube.ide.mcu.externaltools.gnu-tools-for-stm32.11.3.rel1.win32_1.1.100.202309141235/tools/bin/../lib/gcc/arm-none-eabi/11.3.1/../../../../arm-none-eabi/lib/thumb/v6-m/nofp\libc_nano.a(libc_a-findfp.o)
                              D:/Tool/STM32CubeIDE_1.6.1/STM32CubeIDE/plugins/com.st.stm32cube.ide.mcu.externaltools.gnu-tools-for-stm32.11.3.rel1.win32_1.1.100.202309141235/tools/bin/../lib/gcc/arm-none-eabi/11.3.1/../../../../arm-none-eabi/lib/thumb/v6-m/nofp\libc_nano.a(libc_a-exit.o) (__stdio_exit_handler)
D:/Tool/STM32CubeIDE_1.6.1/STM32CubeIDE/plugins/com.st.stm32cube.ide.mcu.externaltools.gnu-tools-for-stm32.11.3.rel1.win32_1.1.100.202309141235/tools/bin/../lib/gcc/arm-none-eabi/11.3.1/../../../../arm-none-eabi/lib/thumb/v6-m/nofp\libc_nano.a(libc_a-fwalk.o)
                              D:/Tool/STM32CubeIDE_1.6.1/STM32CubeIDE/plugins/com.st.stm32cube.ide.mcu.externaltools.gnu-tools-for-stm32.11.3.rel1.win32_1.1.100.202309141235/tools/bin/../lib/gcc/arm-none-eabi/11.3.1/../../../../arm-none-eabi/lib/thumb/v6-m/nofp\libc_nano.a(libc_a-findfp.o) (_fwalk_sglue)
D:/Tool/STM32CubeIDE_1.6.1/STM32CubeIDE/plugins/com.st.stm32cube.ide.mcu.externaltools.gnu-tools-for-stm32.11.3.rel1.win32_1.1.100.202309141235/tools/bin/../lib/gcc/arm-none-eabi/11.3.1/../../../../arm-none-eabi/lib/thumb/v6-m/nofp\libc_nano.a(libc_a-stdio.o)
                              D:/Tool/STM32CubeIDE_1.6.1/STM32CubeIDE/plugins/com.st.stm32cube.ide.mcu.externaltools.gnu-tools-for-stm32.11.3.rel1.win32_1.1.100.202309141235/tools/bin/../lib/gcc/arm-none-eabi/11.3.1/../../../../arm-none-eabi/lib/thumb/v6-m/nofp\libc_nano.a(libc_a-findfp.o) (__sread)
D:/Tool/STM32CubeIDE_1.6.1/STM32CubeIDE/plugins/com.st.stm32cube.ide.mcu.externaltools.gnu-tools-for-stm32.11.3.rel1.win32_1.1.100.202309141235/tools/bin/../lib/gcc/arm-none-eabi/11.3.1/../../../../arm-none-eabi/lib/thumb/v6-m/nofp\libc_nano.a(libc_a-vsnprintf.o)
                              ./Core/Src/usbd_cdc_if.o (vsnprintf)
D:/Tool/STM32CubeIDE_1.6.1/STM32CubeIDE/plugins/com.st.stm32cube.ide.mcu.externaltools.gnu-tools-for-stm32.11.3.rel1.win32_1.1.100.202309141235/tools/bin/../lib/gcc/arm-none-eabi/11.3.1/../../../../arm-none-eabi/lib/thumb/v6-m/nofp\libc_nano.a(libc_a-memset.o)
                              D:/Tool/STM32CubeIDE_1.6.1/STM32CubeIDE/plugins/com.st.stm32cube.ide.mcu.externaltools.gnu-tools-for-stm32.11.3.rel1.win32_1.1.100.202309141235/tools/bin/../lib/gcc/arm-none-eabi/11.3.1/../../../../arm-none-eabi/lib/thumb/v6-m/nofp/crt0.o (memset)
D:/Tool/STM32CubeIDE_1.6.1/STM32CubeIDE/plugins/com.st.stm32cube.ide.mcu.externaltools.gnu-tools-for-stm32.11.3.rel1.win32_1.1.100.202309141235/tools/bin/../lib/gcc/arm-none-eabi/11.3.1/../../../../arm-none-eabi/lib/thumb/v6-m/nofp\libc_nano.a(libc_a-closer.o)
                              D:/Tool/STM32CubeIDE_1.6.1/STM32CubeIDE/plugins/com.st.stm32cube.ide.mcu.externaltools.gnu-tools-for-stm32.11.3.rel1.win32_1.1.100.202309141235/tools/bin/../lib/gcc/arm-none-eabi/11.3.1/../../../../arm-none-eabi/lib/thumb/v6-m/nofp\libc_nano.a(libc_a-stdio.o) (_close_r)
D:/Tool/STM32CubeIDE_1.6.1/STM32CubeIDE/plugins/com.st.stm32cube.ide.mcu.externaltools.gnu-tools-for-stm32.11.3.rel1.win32_1.1.100.202309141235/tools/bin/../lib/gcc/arm-none-eabi/11.3.1/../../../../arm-none-eabi/lib/thumb/v6-m/nofp\libc_nano.a(libc_a-reent.o)
                              D:/Tool/STM32CubeIDE_1.6.1/STM32CubeIDE/plugins/com.st.stm32cube.ide.mcu.externaltools.gnu-tools-for-stm32.11.3.rel1.win32_1.1.100.202309141235/tools/bin/../lib/gcc/arm-none-eabi/11.3.1/../../../../arm-none-eabi/lib/thumb/v6-m/nofp\libc_nano.a(libc_a-closer.o) (errno)
D:/Tool/STM32CubeIDE_1.6.1/STM32CubeIDE/plugins/com.st.stm32cube.ide.mcu.externaltools.gnu-tools-for-stm32.11.3.rel1.win32_1.1.100.202309141235/tools/bin/../lib/gcc/arm-none-eabi/11.3.1/../../../../arm-none-eabi/lib/thumb/v6-m/nofp\libc_nano.a(libc_a-impure.o)
                              D:/Tool/STM32CubeIDE_1.6.1/STM32CubeIDE/plugins/com.st.stm32cube.ide.mcu.externaltools.gnu-tools-for-stm32.11.3.rel1.win32_1.1.100.202309141235/tools/bin/../lib/gcc/arm-none-eabi/11.3.1/../../../../arm-none-eabi/lib/thumb/v6-m/nofp\libc_nano.a(libc_a-vsnprintf.o) (_impure_ptr)
[...]
Memory Configuration

Name             Origin             Length             Attributes
RAM              0x0000000020000000 0x0000000000004000 xrw
FLASH            0x0000000008000000 0x0000000000010000 xr
*default*        0x0000000000000000 0xffffffffffffffff

Linker script and memory map

LOAD D:/Tool/STM32CubeIDE_1.6.1/STM32CubeIDE/plugins/com.st.stm32cube.ide.mcu.externaltools.gnu-tools-for-stm32.11.3.rel1.win32_1.1.100.202309141235/tools/bin/../lib/gcc/arm-none-eabi/11.3.1/thumb/v6-m/nofp/crti.o
LOAD D:/Tool/STM32CubeIDE_1.6.1/STM32CubeIDE/plugins/com.st.stm32cube.ide.mcu.externaltools.gnu-tools-for-stm32.11.3.rel1.win32_1.1.100.202309141235/tools/bin/../lib/gcc/arm-none-eabi/11.3.1/thumb/v6-m/nofp/crtbegin.o
LOAD D:/Tool/STM32CubeIDE_1.6.1/STM32CubeIDE/plugins/com.st.stm32cube.ide.mcu.externaltools.gnu-tools-for-stm32.11.3.rel1.win32_1.1.100.202309141235/tools/bin/../lib/gcc/arm-none-eabi/11.3.1/../../../../arm-none-eabi/lib/thumb/v6-m/nofp/crt0.o
LOAD ./Core/Src/MyForceControl.o
LOAD ./Core/Src/MyMotor.o
LOAD ./Core/Src/MyWeight.o
LOAD ./Core/Src/io_i2c.o
LOAD ./Core/Src/main.o
LOAD ./Core/Src/stm32f0xx_hal_msp.o
LOAD ./Core/Src/stm32f0xx_it.o
LOAD ./Core/Src/syscalls.o
LOAD ./Core/Src/sysmem.o
LOAD ./Core/Src/system_stm32f0xx.o
LOAD ./Core/Src/usb_device.o
LOAD ./Core/Src/usbd_cdc.o
LOAD ./Core/Src/usbd_cdc_if.o
LOAD ./Core/Src/usbd_conf.o
LOAD ./Core/Src/usbd_core.o
LOAD ./Core/Src/usbd_ctlreq.o
LOAD ./Core/Src/usbd_desc.o
LOAD ./Core/Src/usbd_ioreq.o
LOAD ./Core/Startup/startup_stm32f072c8ux.o
LOAD ./Drivers/STM32F0xx_HAL_Driver/Src/stm32f0xx_hal.o
LOAD ./Drivers/STM32F0xx_HAL_Driver/Src/stm32f0xx_hal_adc.o
LOAD ./Drivers/STM32F0xx_HAL_Driver/Src/stm32f0xx_hal_adc_ex.o
LOAD ./Drivers/STM32F0xx_HAL_Driver/Src/stm32f0xx_hal_can.o
LOAD ./Drivers/STM32F0xx_HAL_Driver/Src/stm32f0xx_hal_cortex.o
LOAD ./Drivers/STM32F0xx_HAL_Driver/Src/stm32f0xx_hal_dma.o
LOAD ./Drivers/STM32F0xx_HAL_Driver/Src/stm32f0xx_hal_exti.o
LOAD ./Drivers/STM32F0xx_HAL_Driver/Src/stm32f0xx_hal_flash.o
LOAD ./Drivers/STM32F0xx_HAL_Driver/Src/stm32f0xx_hal_flash_ex.o
LOAD ./Drivers/STM32F0xx_HAL_Driver/Src/stm32f0xx_hal_gpio.o
LOAD ./Drivers/STM32F0xx_HAL_Driver/Src/stm32f0xx_hal_i2c.o
LOAD ./Drivers/STM32F0xx_HAL_Driver/Src/stm32f0xx_hal_i2c_ex.o
LOAD ./Drivers/STM32F0xx_HAL_Driver/Src/stm32f0xx_hal_pcd.o
LOAD ./Drivers/STM32F0xx_HAL_Driver/Src/stm32f0xx_hal_pcd_ex.o
LOAD ./Drivers/STM32F0xx_HAL_Driver/Src/stm32f0xx_hal_pwr.o
LOAD ./Drivers/STM32F0xx_HAL_Driver/Src/stm32f0xx_hal_pwr_ex.o
LOAD ./Drivers/STM32F0xx_HAL_Driver/Src/stm32f0xx_hal_rcc.o
LOAD ./Drivers/STM32F0xx_HAL_Driver/Src/stm32f0xx_hal_rcc_ex.o
LOAD ./Drivers/STM32F0xx_HAL_Driver/Src/stm32f0xx_hal_tim.o
LOAD ./Drivers/STM32F0xx_HAL_Driver/Src/stm32f0xx_hal_tim_ex.o
LOAD ./Drivers/STM32F0xx_HAL_Driver/Src/stm32f0xx_ll_usb.o
START GROUP
LOAD D:/Tool/STM32CubeIDE_1.6.1/STM32CubeIDE/plugins/com.st.stm32cube.ide.mcu.externaltools.gnu-tools-for-stm32.11.3.rel1.win32_1.1.100.202309141235/tools/bin/../lib/gcc/arm-none-eabi/11.3.1/../../../../arm-none-eabi/lib/thumb/v6-m/nofp\libc_nano.a
LOAD D:/Tool/STM32CubeIDE_1.6.1/STM32CubeIDE/plugins/com.st.stm32cube.ide.mcu.externaltools.gnu-tools-for-stm32.11.3.rel1.win32_1.1.100.202309141235/tools/bin/../lib/gcc/arm-none-eabi/11.3.1/../../../../arm-none-eabi/lib/thumb/v6-m/nofp\libm.a
END GROUP
START GROUP
LOAD D:/Tool/STM32CubeIDE_1.6.1/STM32CubeIDE/plugins/com.st.stm32cube.ide.mcu.externaltools.gnu-tools-for-stm32.11.3.rel1.win32_1.1.100.202309141235/tools/bin/../lib/gcc/arm-none-eabi/11.3.1/thumb/v6-m/nofp\libgcc.a
LOAD D:/Tool/STM32CubeIDE_1.6.1/STM32CubeIDE/plugins/com.st.stm32cube.ide.mcu.externaltools.gnu-tools-for-stm32.11.3.rel1.win32_1.1.100.202309141235/tools/bin/../lib/gcc/arm-none-eabi/11.3.1/../../../../arm-none-eabi/lib/thumb/v6-m/nofp\libc_nano.a
END GROUP
START GROUP
LOAD D:/Tool/STM32CubeIDE_1.6.1/STM32CubeIDE/plugins/com.st.stm32cube.ide.mcu.externaltools.gnu-tools-for-stm32.11.3.rel1.win32_1.1.100.202309141235/tools/bin/../lib/gcc/arm-none-eabi/11.3.1/thumb/v6-m/nofp\libgcc.a
LOAD D:/Tool/STM32CubeIDE_1.6.1/STM32CubeIDE/plugins/com.st.stm32cube.ide.mcu.externaltools.gnu-tools-for-stm32.11.3.rel1.win32_1.1.100.202309141235/tools/bin/../lib/gcc/arm-none-eabi/11.3.1/../../../../arm-none-eabi/lib/thumb/v6-m/nofp\libc_nano.a
LOAD D:/Tool/STM32CubeIDE_1.6.1/STM32CubeIDE/plugins/com.st.stm32cube.ide.mcu.externaltools.gnu-tools-for-stm32.11.3.rel1.win32_1.1.100.202309141235/tools/bin/../lib/gcc/arm-none-eabi/11.3.1/../../../../arm-none-eabi/lib/thumb/v6-m/nofp\libnosys.a
END GROUP
START GROUP
LOAD D:/Tool/STM32CubeIDE_1.6.1/STM32CubeIDE/plugins/com.st.stm32cube.ide.mcu.externaltools.gnu-tools-for-stm32.11.3.rel1.win32_1.1.100.202309141235/tools/bin/../lib/gcc/arm-none-eabi/11.3.1/thumb/v6-m/nofp\libgcc.a
LOAD D:/Tool/STM32CubeIDE_1.6.1/STM32CubeIDE/plugins/com.st.stm32cube.ide.mcu.externaltools.gnu-tools-for-stm32.11.3.rel1.win32_1.1.100.202309141235/tools/bin/../lib/gcc/arm-none-eabi/11.3.1/../../../../arm-none-eabi/lib/thumb/v6-m/nofp\libc_nano.a
LOAD D:/Tool/STM32CubeIDE_1.6.1/STM32CubeIDE/plugins/com.st.stm32cube.ide.mcu.externaltools.gnu-tools-for-stm32.11.3.rel1.win32_1.1.100.202309141235/tools/bin/../lib/gcc/arm-none-eabi/11.3.1/../../../../arm-none-eabi/lib/thumb/v6-m/nofp\libnosys.a
END GROUP
LOAD D:/Tool/STM32CubeIDE_1.6.1/STM32CubeIDE/plugins/com.st.stm32cube.ide.mcu.externaltools.gnu-tools-for-stm32.11.3.rel1.win32_1.1.100.202309141235/tools/bin/../lib/gcc/arm-none-eabi/11.3.1/thumb/v6-m/nofp/crtend.o
LOAD D:/Tool/STM32CubeIDE_1.6.1/STM32CubeIDE/plugins/com.st.stm32cube.ide.mcu.externaltools.gnu-tools-for-stm32.11.3.rel1.win32_1.1.100.202309141235/tools/bin/../lib/gcc/arm-none-eabi/11.3.1/thumb/v6-m/nofp/crtn.o
                0x0000000020004000                _estack = (ORIGIN (RAM) + LENGTH (RAM))
                0x0000000000000200                _Min_Heap_Size = 0x200
                0x0000000000000400                _Min_Stack_Size = 0x400

.isr_vector     0x0000000008000000       0xc0
                0x0000000008000000                . = ALIGN (0x4)
 *(.isr_vector)
 .isr_vector    0x0000000008000000       0xc0 ./Core/Startup/startup_stm32f072c8ux.o
                0x0000000008000000                g_pfnVectors
                0x00000000080000c0                . = ALIGN (0x4)

.text           0x00000000080000c0     0xde04
                0x00000000080000c0                . = ALIGN (0x4)
 *(.text)
 .text          0x00000000080000c0       0x48 D:/Tool/STM32CubeIDE_1.6.1/STM32CubeIDE/plugins/com.st.stm32cube.ide.mcu.externaltools.gnu-tools-for-stm32.11.3.rel1.win32_1.1.100.202309141235/tools/bin/../lib/gcc/arm-none-eabi/11.3.1/thumb/v6-m/nofp/crtbegin.o
 .text          0x0000000008000108      0x114 D:/Tool/STM32CubeIDE_1.6.1/STM32CubeIDE/plugins/com.st.stm32cube.ide.mcu.externaltools.gnu-tools-for-stm32.11.3.rel1.win32_1.1.100.202309141235/tools/bin/../lib/gcc/arm-none-eabi/11.3.1/thumb/v6-m/nofp\libgcc.a(_udivsi3.o)
                0x0000000008000108                __aeabi_uidiv
                0x0000000008000108                __udivsi3
                0x0000000008000214                __aeabi_uidivmod
 .text          0x000000000800021c      0x1d4 D:/Tool/STM32CubeIDE_1.6.1/STM32CubeIDE/plugins/com.st.stm32cube.ide.mcu.externaltools.gnu-tools-for-stm32.11.3.rel1.win32_1.1.100.202309141235/tools/bin/../lib/gcc/arm-none-eabi/11.3.1/thumb/v6-m/nofp\libgcc.a(_divsi3.o)
                0x000000000800021c                __divsi3
                0x000000000800021c                __aeabi_idiv
                0x00000000080003e8                __aeabi_idivmod
 .text          0x00000000080003f0        0x4 D:/Tool/STM32CubeIDE_1.6.1/STM32CubeIDE/plugins/com.st.stm32cube.ide.mcu.externaltools.gnu-tools-for-stm32.11.3.rel1.win32_1.1.100.202309141235/tools/bin/../lib/gcc/arm-none-eabi/11.3.1/thumb/v6-m/nofp\libgcc.a(_dvmd_tls.o)
                0x00000000080003f0                __aeabi_idiv0
                0x00000000080003f0                __aeabi_ldiv0
 .text          0x00000000080003f4       0x7c D:/Tool/STM32CubeIDE_1.6.1/STM32CubeIDE/plugins/com.st.stm32cube.ide.mcu.externaltools.gnu-tools-for-stm32.11.3.rel1.win32_1.1.100.202309141235/tools/bin/../lib/gcc/arm-none-eabi/11.3.1/thumb/v6-m/nofp\libgcc.a(_arm_cmpdf2.o)
                0x00000000080003f4                __aeabi_cdrcmple
                0x0000000008000404                __aeabi_cdcmple
                0x0000000008000404                __aeabi_cdcmpeq
                0x0000000008000414                __aeabi_dcmpeq
                0x0000000008000420                __aeabi_dcmplt
                0x0000000008000434                __aeabi_dcmple
                0x0000000008000448                __aeabi_dcmpgt
                0x000000000800045c                __aeabi_dcmpge
 .text          0x0000000008000470       0x74 D:/Tool/STM32CubeIDE_1.6.1/STM32CubeIDE/plugins/com.st.stm32cube.ide.mcu.externaltools.gnu-tools-for-stm32.11.3.rel1.win32_1.1.100.202309141235/tools/bin/../lib/gcc/arm-none-eabi/11.3.1/thumb/v6-m/nofp\libgcc.a(_arm_cmpsf2.o)
                0x0000000008000470                __aeabi_cfrcmple
                0x0000000008000478                __aeabi_cfcmpeq
                0x0000000008000478                __aeabi_cfcmple
                0x0000000008000488                __aeabi_fcmpeq
                0x0000000008000494                __aeabi_fcmplt
                0x00000000080004a8                __aeabi_fcmple
                0x00000000080004bc                __aeabi_fcmpgt
                0x00000000080004d0                __aeabi_fcmpge
 .text          0x00000000080004e4      0x340 D:/Tool/STM32CubeIDE_1.6.1/STM32CubeIDE/plugins/com.st.stm32cube.ide.mcu.externaltools.gnu-tools-for-stm32.11.3.rel1.win32_1.1.100.202309141235/tools/bin/../lib/gcc/arm-none-eabi/11.3.1/thumb/v6-m/nofp\libgcc.a(addsf3.o)
                0x00000000080004e4                __aeabi_fadd
 .text          0x0000000008000824      0x234 D:/Tool/STM32CubeIDE_1.6.1/STM32CubeIDE/plugins/com.st.stm32cube.ide.mcu.externaltools.gnu-tools-for-stm32.11.3.rel1.win32_1.1.100.202309141235/tools/bin/../lib/gcc/arm-none-eabi/11.3.1/thumb/v6-m/nofp\libgcc.a(divsf3.o)
                0x0000000008000824                __aeabi_fdiv
 .text          0x0000000008000a58       0x4c D:/Tool/STM32CubeIDE_1.6.1/STM32CubeIDE/plugins/com.st.stm32cube.ide.mcu.externaltools.gnu-tools-for-stm32.11.3.rel1.win32_1.1.100.202309141235/tools/bin/../lib/gcc/arm-none-eabi/11.3.1/thumb/v6-m/nofp\libgcc.a(eqsf2.o)
                0x0000000008000a58                __eqsf2
                0x0000000008000a58                __nesf2
 .text          0x0000000008000aa4       0x8c D:/Tool/STM32CubeIDE_1.6.1/STM32CubeIDE/plugins/com.st.stm32cube.ide.mcu.externaltools.gnu-tools-for-stm32.11.3.rel1.win32_1.1.100.202309141235/tools/bin/../lib/gcc/arm-none-eabi/11.3.1/thumb/v6-m/nofp\libgcc.a(gesf2.o)
                0x0000000008000aa4                __gesf2
                0x0000000008000aa4                __gtsf2
 .text          0x0000000008000b30       0x88 D:/Tool/STM32CubeIDE_1.6.1/STM32CubeIDE/plugins/com.st.stm32cube.ide.mcu.externaltools.gnu-tools-for-stm32.11.3.rel1.win32_1.1.100.202309141235/tools/bin/../lib/gcc/arm-none-eabi/11.3.1/thumb/v6-m/nofp\libgcc.a(lesf2.o)
                0x0000000008000b30                __ltsf2
                0x0000000008000b30                __lesf2
 .text          0x0000000008000bb8      0x29c D:/Tool/STM32CubeIDE_1.6.1/STM32CubeIDE/plugins/com.st.stm32cube.ide.mcu.externaltools.gnu-tools-for-stm32.11.3.rel1.win32_1.1.100.202309141235/tools/bin/../lib/gcc/arm-none-eabi/11.3.1/thumb/v6-m/nofp\libgcc.a(mulsf3.o)
                0x0000000008000bb8                __aeabi_fmul
 .text          0x0000000008000e54      0x340 D:/Tool/STM32CubeIDE_1.6.1/STM32CubeIDE/plugins/com.st.stm32cube.ide.mcu.externaltools.gnu-tools-for-stm32.11.3.rel1.win32_1.1.100.202309141235/tools/bin/../lib/gcc/arm-none-eabi/11.3.1/thumb/v6-m/nofp\libgcc.a(subsf3.o)
                0x0000000008000e54                __aeabi_fsub
 .text          0x0000000008001194       0x40 D:/Tool/STM32CubeIDE_1.6.1/STM32CubeIDE/plugins/com.st.stm32cube.ide.mcu.externaltools.gnu-tools-for-stm32.11.3.rel1.win32_1.1.100.202309141235/tools/bin/../lib/gcc/arm-none-eabi/11.3.1/thumb/v6-m/nofp\libgcc.a(fixsfsi.o)
                0x0000000008001194                __aeabi_f2iz
 .text          0x00000000080011d4       0xa4 D:/Tool/STM32CubeIDE_1.6.1/STM32CubeIDE/plugins/com.st.stm32cube.ide.mcu.externaltools.gnu-tools-for-stm32.11.3.rel1.win32_1.1.100.202309141235/tools/bin/../lib/gcc/arm-none-eabi/11.3.1/thumb/v6-m/nofp\libgcc.a(floatsisf.o)
                0x00000000080011d4                __aeabi_i2f
 .text          0x0000000008001278       0x90 D:/Tool/STM32CubeIDE_1.6.1/STM32CubeIDE/plugins/com.st.stm32cube.ide.mcu.externaltools.gnu-tools-for-stm32.11.3.rel1.win32_1.1.100.202309141235/tools/bin/../lib/gcc/arm-none-eabi/11.3.1/thumb/v6-m/nofp\libgcc.a(floatunsisf.o)
                0x0000000008001278                __aeabi_ui2f
 .text          0x0000000008001308      0x5dc D:/Tool/STM32CubeIDE_1.6.1/STM32CubeIDE/plugins/com.st.stm32cube.ide.mcu.externaltools.gnu-tools-for-stm32.11.3.rel1.win32_1.1.100.202309141235/tools/bin/../lib/gcc/arm-none-eabi/11.3.1/thumb/v6-m/nofp\libgcc.a(divdf3.o)
                0x0000000008001308                __aeabi_ddiv
 .text          0x00000000080018e4       0x84 D:/Tool/STM32CubeIDE_1.6.1/STM32CubeIDE/plugins/com.st.stm32cube.ide.mcu.externaltools.gnu-tools-for-stm32.11.3.rel1.win32_1.1.100.202309141235/tools/bin/../lib/gcc/arm-none-eabi/11.3.1/thumb/v6-m/nofp\libgcc.a(eqdf2.o)
                0x00000000080018e4                __nedf2
                0x00000000080018e4                __eqdf2
 .text          0x0000000008001968       0xcc D:/Tool/STM32CubeIDE_1.6.1/STM32CubeIDE/plugins/com.st.stm32cube.ide.mcu.externaltools.gnu-tools-for-stm32.11.3.rel1.win32_1.1.100.202309141235/tools/bin/../lib/gcc/arm-none-eabi/11.3.1/thumb/v6-m/nofp\libgcc.a(gedf2.o)
                0x0000000008001968                __gedf2
                0x0000000008001968                __gtdf2
 .text          0x0000000008001a34       0xc8 D:/Tool/STM32CubeIDE_1.6.1/STM32CubeIDE/plugins/com.st.stm32cube.ide.mcu.externaltools.gnu-tools-for-stm32.11.3.rel1.win32_1.1.100.202309141235/tools/bin/../lib/gcc/arm-none-eabi/11.3.1/thumb/v6-m/nofp\libgcc.a(ledf2.o)
                0x0000000008001a34                __ledf2
                0x0000000008001a34                __ltdf2
 .text          0x0000000008001afc      0x584 D:/Tool/STM32CubeIDE_1.6.1/STM32CubeIDE/plugins/com.st.stm32cube.ide.mcu.externaltools.gnu-tools-for-stm32.11.3.rel1.win32_1.1.100.202309141235/tools/bin/../lib/gcc/arm-none-eabi/11.3.1/thumb/v6-m/nofp\libgcc.a(muldf3.o)
                0x0000000008001afc                __aeabi_dmul
 .text          0x0000000008002080       0x60 D:/Tool/STM32CubeIDE_1.6.1/STM32CubeIDE/plugins/com.st.stm32cube.ide.mcu.externaltools.gnu-tools-for-stm32.11.3.rel1.win32_1.1.100.202309141235/tools/bin/../lib/gcc/arm-none-eabi/11.3.1/thumb/v6-m/nofp\libgcc.a(floatsidf.o)
                0x0000000008002080                __aeabi_i2d
 .text          0x00000000080020e0       0x90 D:/Tool/STM32CubeIDE_1.6.1/STM32CubeIDE/plugins/com.st.stm32cube.ide.mcu.externaltools.gnu-tools-for-stm32.11.3.rel1.win32_1.1.100.202309141235/tools/bin/../lib/gcc/arm-none-eabi/11.3.1/thumb/v6-m/nofp\libgcc.a(extendsfdf2.o)
                0x00000000080020e0                __aeabi_f2d
 .text          0x0000000008002170      0x10c D:/Tool/STM32CubeIDE_1.6.1/STM32CubeIDE/plugins/com.st.stm32cube.ide.mcu.externaltools.gnu-tools-for-stm32.11.3.rel1.win32_1.1.100.202309141235/tools/bin/../lib/gcc/arm-none-eabi/11.3.1/thumb/v6-m/nofp\libgcc.a(truncdfsf2.o)
                0x0000000008002170                __aeabi_d2f
 .text          0x000000000800227c       0x3c D:/Tool/STM32CubeIDE_1.6.1/STM32CubeIDE/plugins/com.st.stm32cube.ide.mcu.externaltools.gnu-tools-for-stm32.11.3.rel1.win32_1.1.100.202309141235/tools/bin/../lib/gcc/arm-none-eabi/11.3.1/thumb/v6-m/nofp\libgcc.a(_clzsi2.o)
                0x000000000800227c                __clzsi2
 *(.text*)
 .text.get_goal_velocity
                0x00000000080022b8      0x15c ./Core/Src/MyForceControl.o
                0x00000000080022b8                get_goal_velocity
 .text.get_pos_goal_speed
                0x0000000008002414       0xa0 ./Core/Src/MyMotor.o
                0x0000000008002414                get_pos_goal_speed
 .text.set_Motor_Speed
                0x00000000080024b4       0x7c ./Core/Src/MyMotor.o
                0x00000000080024b4                set_Motor_Speed
 .text.clear_can_t
                0x0000000008002530       0x30 ./Core/Src/MyMotor.o
                0x0000000008002530                clear_can_t
 .text.get_motor_info
                0x0000000008002560       0x2c ./Core/Src/MyMotor.o
                0x0000000008002560                get_motor_info
 .text.stop_Motor
                0x000000000800258c       0x2c ./Core/Src/MyMotor.o
                0x000000000800258c                stop_Motor
 .text.start_Motor
                0x00000000080025b8       0x2c ./Core/Src/MyMotor.o
                0x00000000080025b8                start_Motor
 .text.clear_error
                0x00000000080025e4       0x2c ./Core/Src/MyMotor.o
                0x00000000080025e4                clear_error
 .text.CAN_Send_Msg
                0x0000000008002610       0x8c ./Core/Src/MyMotor.o
                0x0000000008002610                CAN_Send_Msg
 .text.CANFilter_init
                0x000000000800269c       0x76 ./Core/Src/MyMotor.o
                0x000000000800269c                CANFilter_init
 *fill*         0x0000000008002712        0x2 
 .text.HAL_CAN_RxFifo0MsgPendingCallback
                0x0000000008002714      0x16c ./Core/Src/MyMotor.o
                0x0000000008002714                HAL_CAN_RxFifo0MsgPendingCallback
 .text.GetNowWeight
                0x0000000008002880      0x138 ./Core/Src/MyWeight.o
                0x0000000008002880                GetNowWeight
 .text.IIC_Init
                0x00000000080029b8       0x60 ./Core/Src/io_i2c.o
                0x00000000080029b8                IIC_Init
 .text.SDA_IN   0x0000000008002a18       0x60 ./Core/Src/io_i2c.o
                0x0000000008002a18                SDA_IN
 .text.SDA_OUT  0x0000000008002a78       0x60 ./Core/Src/io_i2c.o
                0x0000000008002a78                SDA_OUT
 .text.IIC_Start
                0x0000000008002ad8       0x50 ./Core/Src/io_i2c.o
                0x0000000008002ad8                IIC_Start
 .text.IIC_Stop
                0x0000000008002b28       0x50 ./Core/Src/io_i2c.o
                0x0000000008002b28                IIC_Stop
 .text.IIC_Wait_Ack
                0x0000000008002b78       0x78 ./Core/Src/io_i2c.o
                0x0000000008002b78                IIC_Wait_Ack
 .text.IIC_Send_Byte
                0x0000000008002bf0       0xa4 ./Core/Src/io_i2c.o
                0x0000000008002bf0                IIC_Send_Byte
 .text.safe_check_func
                0x0000000008002c94       0x50 ./Core/Src/main.o
                0x0000000008002c94                safe_check_func
 .text.set_zero
                0x0000000008002ce4       0x48 ./Core/Src/main.o
                0x0000000008002ce4                set_zero
 .text.main     0x0000000008002d2c      0x414 ./Core/Src/main.o
                0x0000000008002d2c                main
 .text.SystemClock_Config
                0x0000000008003140       0xb6 ./Core/Src/main.o
                0x0000000008003140                SystemClock_Config
 *fill*         0x00000000080031f6        0x2 
 .text.MX_ADC_Init
                0x00000000080031f8       0xb8 ./Core/Src/main.o
 .text.MX_CAN_Init
                0x00000000080032b0       0x74 ./Core/Src/main.o
 .text.MX_TIM1_Init
                0x0000000008003324       0xb0 ./Core/Src/main.o
 .text.MX_TIM2_Init
                0x00000000080033d4       0xfc ./Core/Src/main.o
 .text.MX_TIM3_Init
                0x00000000080034d0       0xac ./Core/Src/main.o
 .text.MX_GPIO_Init
                0x000000000800357c       0x90 ./Core/Src/main.o
 .text.MCP4725_WriteData_Voltage
                0x000000000800360c       0x78 ./Core/Src/main.o
                0x000000000800360c                MCP4725_WriteData_Voltage
 .text.HAL_TIM_PeriodElapsedCallback
                0x0000000008003684       0x68 ./Core/Src/main.o
                0x0000000008003684                HAL_TIM_PeriodElapsedCallback
 .text.delay_us
                0x00000000080036ec       0x20 ./Core/Src/main.o
                0x00000000080036ec                delay_us
 .text.Error_Handler
                0x000000000800370c        0xa ./Core/Src/main.o
                0x000000000800370c                Error_Handler
 *fill*         0x0000000008003716        0x2 
 .text.HAL_MspInit
                0x0000000008003718       0x48 ./Core/Src/stm32f0xx_hal_msp.o
                0x0000000008003718                HAL_MspInit
 .text.HAL_ADC_MspInit
                0x0000000008003760       0x9c ./Core/Src/stm32f0xx_hal_msp.o
                0x0000000008003760                HAL_ADC_MspInit
 .text.HAL_CAN_MspInit
                0x00000000080037fc       0xac ./Core/Src/stm32f0xx_hal_msp.o
                0x00000000080037fc                HAL_CAN_MspInit
 .text.HAL_TIM_Base_MspInit
                0x00000000080038a8       0x78 ./Core/Src/stm32f0xx_hal_msp.o
                0x00000000080038a8                HAL_TIM_Base_MspInit
 .text.HAL_TIM_PWM_MspInit
                0x0000000008003920       0x38 ./Core/Src/stm32f0xx_hal_msp.o
                0x0000000008003920                HAL_TIM_PWM_MspInit
 .text.HAL_TIM_MspPostInit
                0x0000000008003958       0xc8 ./Core/Src/stm32f0xx_hal_msp.o
                0x0000000008003958                HAL_TIM_MspPostInit
 .text.NMI_Handler
                0x0000000008003a20        0x6 ./Core/Src/stm32f0xx_it.o
                0x0000000008003a20                NMI_Handler
 .text.HardFault_Handler
                0x0000000008003a26        0x6 ./Core/Src/stm32f0xx_it.o
                0x0000000008003a26                HardFault_Handler
 .text.SVC_Handler
                0x0000000008003a2c        0xa ./Core/Src/stm32f0xx_it.o
                0x0000000008003a2c                SVC_Handler
 .text.PendSV_Handler
                0x0000000008003a36        0xa ./Core/Src/stm32f0xx_it.o
                0x0000000008003a36                PendSV_Handler
 .text.SysTick_Handler
                0x0000000008003a40        0xe ./Core/Src/stm32f0xx_it.o
                0x0000000008003a40                SysTick_Handler
 *fill*         0x0000000008003a4e        0x2 
 .text.ADC1_COMP_IRQHandler
                0x0000000008003a50       0x18 ./Core/Src/stm32f0xx_it.o
                0x0000000008003a50                ADC1_COMP_IRQHandler
 .text.TIM3_IRQHandler
                0x0000000008003a68       0x18 ./Core/Src/stm32f0xx_it.o
                0x0000000008003a68                TIM3_IRQHandler
 .text.CEC_CAN_IRQHandler
                0x0000000008003a80       0x18 ./Core/Src/stm32f0xx_it.o
                0x0000000008003a80                CEC_CAN_IRQHandler
 .text.USB_IRQHandler
                0x0000000008003a98       0x18 ./Core/Src/stm32f0xx_it.o
                0x0000000008003a98                USB_IRQHandler
 .text.SystemInit
                0x0000000008003ab0        0xa ./Core/Src/system_stm32f0xx.o
                0x0000000008003ab0                SystemInit
 *fill*         0x0000000008003aba        0x2 
 .text.MX_USB_DEVICE_Init
                0x0000000008003abc       0x68 ./Core/Src/usb_device.o
                0x0000000008003abc                MX_USB_DEVICE_Init
 .text.USBD_CDC_Init
                0x0000000008003b24      0x114 ./Core/Src/usbd_cdc.o
 .text.USBD_CDC_DeInit
                0x0000000008003c38       0x7a ./Core/Src/usbd_cdc.o
 *fill*         0x0000000008003cb2        0x2 
 .text.USBD_CDC_Setup
                0x0000000008003cb4      0x190 ./Core/Src/usbd_cdc.o
 .text.USBD_CDC_DataIn
                0x0000000008003e44       0xb6 ./Core/Src/usbd_cdc.o
 .text.USBD_CDC_DataOut
                0x0000000008003efa       0x6a ./Core/Src/usbd_cdc.o
 .text.USBD_CDC_EP0_RxReady
                0x0000000008003f64       0x60 ./Core/Src/usbd_cdc.o
 .text.USBD_CDC_GetFSCfgDesc
                0x0000000008003fc4       0x1c ./Core/Src/usbd_cdc.o
 .text.USBD_CDC_GetHSCfgDesc
                0x0000000008003fe0       0x1c ./Core/Src/usbd_cdc.o
 .text.USBD_CDC_GetOtherSpeedCfgDesc
                0x0000000008003ffc       0x1c ./Core/Src/usbd_cdc.o
 .text.USBD_CDC_GetDeviceQualifierDescriptor
                0x0000000008004018       0x1c ./Core/Src/usbd_cdc.o
                0x0000000008004018                USBD_CDC_GetDeviceQualifierDescriptor
 .text.USBD_CDC_RegisterInterface
                0x0000000008004034       0x36 ./Core/Src/usbd_cdc.o
                0x0000000008004034                USBD_CDC_RegisterInterface
 .text.USBD_CDC_SetTxBuffer
                0x000000000800406a       0x38 ./Core/Src/usbd_cdc.o
                0x000000000800406a                USBD_CDC_SetTxBuffer
 .text.USBD_CDC_SetRxBuffer
                0x00000000080040a2       0x28 ./Core/Src/usbd_cdc.o
                0x00000000080040a2                USBD_CDC_SetRxBuffer
 .text.USBD_CDC_TransmitPacket
                0x00000000080040ca       0x6e ./Core/Src/usbd_cdc.o
                0x00000000080040ca                USBD_CDC_TransmitPacket
 .text.USBD_CDC_ReceivePacket
                0x0000000008004138       0x5c ./Core/Src/usbd_cdc.o
                0x0000000008004138                USBD_CDC_ReceivePacket
 .text.CDC_Init_FS
                0x0000000008004194       0x30 ./Core/Src/usbd_cdc_if.o
 .text.CDC_DeInit_FS
                0x00000000080041c4        0xc ./Core/Src/usbd_cdc_if.o
 .text.CDC_Control_FS
                0x00000000080041d0       0x38 ./Core/Src/usbd_cdc_if.o
 .text.CDC_Receive_FS
                0x0000000008004208      0x4a0 ./Core/Src/usbd_cdc_if.o
 .text.CDC_Transmit_FS
                0x00000000080046a8       0x60 ./Core/Src/usbd_cdc_if.o
                0x00000000080046a8                CDC_Transmit_FS
 .text.HAL_PCD_MspInit
                0x0000000008004708       0x50 ./Core/Src/usbd_conf.o
                0x0000000008004708                HAL_PCD_MspInit
 .text.HAL_PCD_SetupStageCallback
                0x0000000008004758       0x2a ./Core/Src/usbd_conf.o
                0x0000000008004758                HAL_PCD_SetupStageCallback
 .text.HAL_PCD_DataOutStageCallback
                0x0000000008004782       0x42 ./Core/Src/usbd_conf.o
                0x0000000008004782                HAL_PCD_DataOutStageCallback
 .text.HAL_PCD_DataInStageCallback
                0x00000000080047c4       0x3c ./Core/Src/usbd_conf.o
                0x00000000080047c4                HAL_PCD_DataInStageCallback
 .text.HAL_PCD_SOFCallback
                0x0000000008004800       0x1e ./Core/Src/usbd_conf.o
                0x0000000008004800                HAL_PCD_SOFCallback
 .text.HAL_PCD_ResetCallback
                0x000000000800481e       0x48 ./Core/Src/usbd_conf.o
                0x000000000800481e                HAL_PCD_ResetCallback
 *fill*         0x0000000008004866        0x2 
 .text.HAL_PCD_SuspendCallback
                0x0000000008004868       0x38 ./Core/Src/usbd_conf.o
                0x0000000008004868                HAL_PCD_SuspendCallback
 .text.HAL_PCD_ResumeCallback
                0x00000000080048a0       0x3c ./Core/Src/usbd_conf.o
                0x00000000080048a0                HAL_PCD_ResumeCallback
 .text.USBD_LL_Init
                0x00000000080048dc       0xc8 ./Core/Src/usbd_conf.o
                0x00000000080048dc                USBD_LL_Init
 .text.USBD_LL_Start
                0x00000000080049a4       0x4a ./Core/Src/usbd_conf.o
                0x00000000080049a4                USBD_LL_Start
 .text.USBD_LL_OpenEP
                0x00000000080049ee       0x6e ./Core/Src/usbd_conf.o
                0x00000000080049ee                USBD_LL_OpenEP
 .text.USBD_LL_CloseEP
                0x0000000008004a5c       0x56 ./Core/Src/usbd_conf.o
                0x0000000008004a5c                USBD_LL_CloseEP
 .text.USBD_LL_StallEP
                0x0000000008004ab2       0x56 ./Core/Src/usbd_conf.o
                0x0000000008004ab2                USBD_LL_StallEP
 .text.USBD_LL_ClearStallEP
                0x0000000008004b08       0x56 ./Core/Src/usbd_conf.o
                0x0000000008004b08                USBD_LL_ClearStallEP
 .text.USBD_LL_IsStallEP
                0x0000000008004b5e       0x62 ./Core/Src/usbd_conf.o
                0x0000000008004b5e                USBD_LL_IsStallEP
 .text.USBD_LL_SetUSBAddress
                0x0000000008004bc0       0x56 ./Core/Src/usbd_conf.o
                0x0000000008004bc0                USBD_LL_SetUSBAddress
 .text.USBD_LL_Transmit
                0x0000000008004c16       0x6e ./Core/Src/usbd_conf.o
                0x0000000008004c16                USBD_LL_Transmit
 .text.USBD_LL_PrepareReceive
                0x0000000008004c84       0x6e ./Core/Src/usbd_conf.o
                0x0000000008004c84                USBD_LL_PrepareReceive
 .text.USBD_LL_GetRxDataSize
                0x0000000008004cf2       0x2c ./Core/Src/usbd_conf.o
                0x0000000008004cf2                USBD_LL_GetRxDataSize
 .text.SystemClockConfig_Resume
                0x0000000008004d1e        0xe ./Core/Src/usbd_conf.o
 .text.USBD_Get_USB_Status
                0x0000000008004d2c       0x6e ./Core/Src/usbd_conf.o
 .text.USBD_Init
                0x0000000008004d9a       0x62 ./Core/Src/usbd_core.o
                0x0000000008004d9a                USBD_Init
 .text.USBD_RegisterClass
                0x0000000008004dfc       0x40 ./Core/Src/usbd_core.o
                0x0000000008004dfc                USBD_RegisterClass
 .text.USBD_Start
                0x0000000008004e3c       0x1a ./Core/Src/usbd_core.o
                0x0000000008004e3c                USBD_Start
 .text.USBD_RunTestMode
                0x0000000008004e56       0x12 ./Core/Src/usbd_core.o
                0x0000000008004e56                USBD_RunTestMode
 .text.USBD_SetClassConfig
                0x0000000008004e68       0x4e ./Core/Src/usbd_core.o
                0x0000000008004e68                USBD_SetClassConfig
 .text.USBD_ClrClassConfig
                0x0000000008004eb6       0x2c ./Core/Src/usbd_core.o
                0x0000000008004eb6                USBD_ClrClassConfig
 *fill*         0x0000000008004ee2        0x2 
 .text.USBD_LL_SetupStage
                0x0000000008004ee4       0xbc ./Core/Src/usbd_core.o
                0x0000000008004ee4                USBD_LL_SetupStage
 .text.USBD_LL_DataOutStage
                0x0000000008004fa0      0x104 ./Core/Src/usbd_core.o
                0x0000000008004fa0                USBD_LL_DataOutStage
 .text.USBD_LL_DataInStage
                0x00000000080050a4      0x17a ./Core/Src/usbd_core.o
                0x00000000080050a4                USBD_LL_DataInStage
 .text.USBD_LL_Reset
                0x000000000800521e       0x90 ./Core/Src/usbd_core.o
                0x000000000800521e                USBD_LL_Reset
 .text.USBD_LL_SetSpeed
                0x00000000080052ae       0x20 ./Core/Src/usbd_core.o
                0x00000000080052ae                USBD_LL_SetSpeed
 *fill*         0x00000000080052ce        0x2 
 .text.USBD_LL_Suspend
                0x00000000080052d0       0x30 ./Core/Src/usbd_core.o
                0x00000000080052d0                USBD_LL_Suspend
 .text.USBD_LL_Resume
                0x0000000008005300       0x30 ./Core/Src/usbd_core.o
                0x0000000008005300                USBD_LL_Resume
 .text.USBD_LL_SOF
                0x0000000008005330       0x3c ./Core/Src/usbd_core.o
                0x0000000008005330                USBD_LL_SOF
 .text.USBD_StdDevReq
                0x000000000800536c       0xe4 ./Core/Src/usbd_ctlreq.o
                0x000000000800536c                USBD_StdDevReq
 .text.USBD_StdItfReq
                0x0000000008005450       0xae ./Core/Src/usbd_ctlreq.o
                0x0000000008005450                USBD_StdItfReq
 .text.USBD_StdEPReq
                0x00000000080054fe      0x36c ./Core/Src/usbd_ctlreq.o
                0x00000000080054fe                USBD_StdEPReq
 *fill*         0x000000000800586a        0x2 
 .text.USBD_GetDescriptor
                0x000000000800586c      0x364 ./Core/Src/usbd_ctlreq.o
 .text.USBD_SetAddress
                0x0000000008005bd0       0xa8 ./Core/Src/usbd_ctlreq.o
 .text.USBD_SetConfig
                0x0000000008005c78      0x148 ./Core/Src/usbd_ctlreq.o
 .text.USBD_GetConfig
                0x0000000008005dc0       0x76 ./Core/Src/usbd_ctlreq.o
 .text.USBD_GetStatus
                0x0000000008005e36       0x74 ./Core/Src/usbd_ctlreq.o
 .text.USBD_SetFeature
                0x0000000008005eaa       0x2c ./Core/Src/usbd_ctlreq.o
 .text.USBD_ClrFeature
                0x0000000008005ed6       0x4c ./Core/Src/usbd_ctlreq.o
 .text.USBD_ParseSetupRequest
                0x0000000008005f22       0x76 ./Core/Src/usbd_ctlreq.o
                0x0000000008005f22                USBD_ParseSetupRequest
 .text.USBD_CtlError
                0x0000000008005f98       0x26 ./Core/Src/usbd_ctlreq.o
                0x0000000008005f98                USBD_CtlError
 .text.USBD_GetString
                0x0000000008005fbe       0x9c ./Core/Src/usbd_ctlreq.o
                0x0000000008005fbe                USBD_GetString
 .text.USBD_GetLen
                0x000000000800605a       0x3a ./Core/Src/usbd_ctlreq.o
 .text.USBD_FS_DeviceDescriptor
                0x0000000008006094       0x24 ./Core/Src/usbd_desc.o
                0x0000000008006094                USBD_FS_DeviceDescriptor
 .text.USBD_FS_LangIDStrDescriptor
                0x00000000080060b8       0x24 ./Core/Src/usbd_desc.o
                0x00000000080060b8                USBD_FS_LangIDStrDescriptor
 .text.USBD_FS_ProductStrDescriptor
                0x00000000080060dc       0x44 ./Core/Src/usbd_desc.o
                0x00000000080060dc                USBD_FS_ProductStrDescriptor
 .text.USBD_FS_ManufacturerStrDescriptor
                0x0000000008006120       0x2c ./Core/Src/usbd_desc.o
                0x0000000008006120                USBD_FS_ManufacturerStrDescriptor
 .text.USBD_FS_SerialStrDescriptor
                0x000000000800614c       0x28 ./Core/Src/usbd_desc.o
                0x000000000800614c                USBD_FS_SerialStrDescriptor
 .text.USBD_FS_ConfigStrDescriptor
                0x0000000008006174       0x44 ./Core/Src/usbd_desc.o
                0x0000000008006174                USBD_FS_ConfigStrDescriptor
 .text.USBD_FS_InterfaceStrDescriptor
                0x00000000080061b8       0x44 ./Core/Src/usbd_desc.o
                0x00000000080061b8                USBD_FS_InterfaceStrDescriptor
 .text.Get_SerialNum
                0x00000000080061fc       0x5c ./Core/Src/usbd_desc.o
 .text.IntToUnicode
                0x0000000008006258       0x96 ./Core/Src/usbd_desc.o
 .text.USBD_CtlSendData
                0x00000000080062ee       0x40 ./Core/Src/usbd_ioreq.o
                0x00000000080062ee                USBD_CtlSendData
 .text.USBD_CtlContinueSendData
                0x000000000800632e       0x26 ./Core/Src/usbd_ioreq.o
                0x000000000800632e                USBD_CtlContinueSendData
 .text.USBD_CtlPrepareRx
                0x0000000008006354       0x48 ./Core/Src/usbd_ioreq.o
                0x0000000008006354                USBD_CtlPrepareRx
 .text.USBD_CtlContinueRx
                0x000000000800639c       0x26 ./Core/Src/usbd_ioreq.o
                0x000000000800639c                USBD_CtlContinueRx
 .text.USBD_CtlSendStatus
                0x00000000080063c2       0x28 ./Core/Src/usbd_ioreq.o
                0x00000000080063c2                USBD_CtlSendStatus
 .text.USBD_CtlReceiveStatus
                0x00000000080063ea       0x28 ./Core/Src/usbd_ioreq.o
                0x00000000080063ea                USBD_CtlReceiveStatus
 *fill*         0x0000000008006412        0x2 
 .text.Reset_Handler
                0x0000000008006414       0x50 ./Core/Startup/startup_stm32f072c8ux.o
                0x0000000008006414                Reset_Handler
 .text.Default_Handler
                0x0000000008006464        0x2 ./Core/Startup/startup_stm32f072c8ux.o
                0x0000000008006464                TIM1_CC_IRQHandler
                0x0000000008006464                TSC_IRQHandler
                0x0000000008006464                I2C1_IRQHandler
                0x0000000008006464                RCC_CRS_IRQHandler
                0x0000000008006464                SPI1_IRQHandler
                0x0000000008006464                TIM6_DAC_IRQHandler
                0x0000000008006464                USART3_4_IRQHandler
                0x0000000008006464                EXTI2_3_IRQHandler
                0x0000000008006464                I2C2_IRQHandler
                0x0000000008006464                TIM17_IRQHandler
                0x0000000008006464                RTC_IRQHandler
                0x0000000008006464                PVD_VDDIO2_IRQHandler
                0x0000000008006464                DMA1_Channel4_5_6_7_IRQHandler
                0x0000000008006464                TIM16_IRQHandler
                0x0000000008006464                EXTI4_15_IRQHandler
                0x0000000008006464                DMA1_Channel1_IRQHandler
                0x0000000008006464                Default_Handler
                0x0000000008006464                TIM14_IRQHandler
                0x0000000008006464                TIM7_IRQHandler
                0x0000000008006464                TIM15_IRQHandler
                0x0000000008006464                EXTI0_1_IRQHandler
                0x0000000008006464                SPI2_IRQHandler
                0x0000000008006464                WWDG_IRQHandler
                0x0000000008006464                TIM2_IRQHandler
                0x0000000008006464                DMA1_Channel2_3_IRQHandler
                0x0000000008006464                USART2_IRQHandler
                0x0000000008006464                FLASH_IRQHandler
                0x0000000008006464                USART1_IRQHandler
                0x0000000008006464                TIM1_BRK_UP_TRG_COM_IRQHandler
 *fill*         0x0000000008006466        0x2 
 .text.HAL_Init
                0x0000000008006468       0x28 ./Drivers/STM32F0xx_HAL_Driver/Src/stm32f0xx_hal.o
                0x0000000008006468                HAL_Init
 .text.HAL_InitTick
                0x0000000008006490       0x68 ./Drivers/STM32F0xx_HAL_Driver/Src/stm32f0xx_hal.o
                0x0000000008006490                HAL_InitTick
 .text.HAL_IncTick
                0x00000000080064f8       0x24 ./Drivers/STM32F0xx_HAL_Driver/Src/stm32f0xx_hal.o
                0x00000000080064f8                HAL_IncTick
 .text.HAL_GetTick
                0x000000000800651c       0x14 ./Drivers/STM32F0xx_HAL_Driver/Src/stm32f0xx_hal.o
                0x000000000800651c                HAL_GetTick
 .text.HAL_Delay
                0x0000000008006530       0x48 ./Drivers/STM32F0xx_HAL_Driver/Src/stm32f0xx_hal.o
                0x0000000008006530                HAL_Delay
 .text.HAL_ADC_Init
                0x0000000008006578      0x280 ./Drivers/STM32F0xx_HAL_Driver/Src/stm32f0xx_hal_adc.o
                0x0000000008006578                HAL_ADC_Init
 .text.HAL_ADC_Start
                0x00000000080067f8       0xa8 ./Drivers/STM32F0xx_HAL_Driver/Src/stm32f0xx_hal_adc.o
                0x00000000080067f8                HAL_ADC_Start
 .text.HAL_ADC_Stop
                0x00000000080068a0       0x80 ./Drivers/STM32F0xx_HAL_Driver/Src/stm32f0xx_hal_adc.o
                0x00000000080068a0                HAL_ADC_Stop
 .text.HAL_ADC_PollForConversion
                0x0000000008006920      0x130 ./Drivers/STM32F0xx_HAL_Driver/Src/stm32f0xx_hal_adc.o
                0x0000000008006920                HAL_ADC_PollForConversion
 .text.HAL_ADC_GetValue
                0x0000000008006a50       0x16 ./Drivers/STM32F0xx_HAL_Driver/Src/stm32f0xx_hal_adc.o
                0x0000000008006a50                HAL_ADC_GetValue
 *fill*         0x0000000008006a66        0x2 
 .text.HAL_ADC_IRQHandler
                0x0000000008006a68      0x148 ./Drivers/STM32F0xx_HAL_Driver/Src/stm32f0xx_hal_adc.o
                0x0000000008006a68                HAL_ADC_IRQHandler
 .text.HAL_ADC_ConvCpltCallback
                0x0000000008006bb0       0x10 ./Drivers/STM32F0xx_HAL_Driver/Src/stm32f0xx_hal_adc.o
                0x0000000008006bb0                HAL_ADC_ConvCpltCallback
 .text.HAL_ADC_LevelOutOfWindowCallback
                0x0000000008006bc0       0x10 ./Drivers/STM32F0xx_HAL_Driver/Src/stm32f0xx_hal_adc.o
                0x0000000008006bc0                HAL_ADC_LevelOutOfWindowCallback
 .text.HAL_ADC_ErrorCallback
                0x0000000008006bd0       0x10 ./Drivers/STM32F0xx_HAL_Driver/Src/stm32f0xx_hal_adc.o
                0x0000000008006bd0                HAL_ADC_ErrorCallback
 .text.HAL_ADC_ConfigChannel
                0x0000000008006be0      0x21c ./Drivers/STM32F0xx_HAL_Driver/Src/stm32f0xx_hal_adc.o
                0x0000000008006be0                HAL_ADC_ConfigChannel
 .text.ADC_Enable
                0x0000000008006dfc      0x108 ./Drivers/STM32F0xx_HAL_Driver/Src/stm32f0xx_hal_adc.o
 .text.ADC_Disable
                0x0000000008006f04       0xe2 ./Drivers/STM32F0xx_HAL_Driver/Src/stm32f0xx_hal_adc.o
 .text.ADC_ConversionStop
                0x0000000008006fe6       0x98 ./Drivers/STM32F0xx_HAL_Driver/Src/stm32f0xx_hal_adc.o
 *fill*         0x000000000800707e        0x2 
 .text.HAL_ADCEx_Calibration_Start
                0x0000000008007080      0x150 ./Drivers/STM32F0xx_HAL_Driver/Src/stm32f0xx_hal_adc_ex.o
                0x0000000008007080                HAL_ADCEx_Calibration_Start
 .text.HAL_CAN_Init
                0x00000000080071d0      0x1fc ./Drivers/STM32F0xx_HAL_Driver/Src/stm32f0xx_hal_can.o
                0x00000000080071d0                HAL_CAN_Init
 .text.HAL_CAN_ConfigFilter
                0x00000000080073cc      0x1e4 ./Drivers/STM32F0xx_HAL_Driver/Src/stm32f0xx_hal_can.o
                0x00000000080073cc                HAL_CAN_ConfigFilter
 .text.HAL_CAN_Start
                0x00000000080075b0       0x8c ./Drivers/STM32F0xx_HAL_Driver/Src/stm32f0xx_hal_can.o
                0x00000000080075b0                HAL_CAN_Start
 .text.HAL_CAN_AddTxMessage
                0x000000000800763c      0x1a4 ./Drivers/STM32F0xx_HAL_Driver/Src/stm32f0xx_hal_can.o
                0x000000000800763c                HAL_CAN_AddTxMessage
 .text.HAL_CAN_GetTxMailboxesFreeLevel
                0x00000000080077e0       0x70 ./Drivers/STM32F0xx_HAL_Driver/Src/stm32f0xx_hal_can.o
                0x00000000080077e0                HAL_CAN_GetTxMailboxesFreeLevel
 .text.HAL_CAN_GetRxMessage
                0x0000000008007850      0x256 ./Drivers/STM32F0xx_HAL_Driver/Src/stm32f0xx_hal_can.o
                0x0000000008007850                HAL_CAN_GetRxMessage
 .text.HAL_CAN_ActivateNotification
                0x0000000008007aa6       0x54 ./Drivers/STM32F0xx_HAL_Driver/Src/stm32f0xx_hal_can.o
                0x0000000008007aa6                HAL_CAN_ActivateNotification
 .text.HAL_CAN_IRQHandler
                0x0000000008007afa      0x368 ./Drivers/STM32F0xx_HAL_Driver/Src/stm32f0xx_hal_can.o
                0x0000000008007afa                HAL_CAN_IRQHandler
 .text.HAL_CAN_TxMailbox0CompleteCallback
                0x0000000008007e62       0x10 ./Drivers/STM32F0xx_HAL_Driver/Src/stm32f0xx_hal_can.o
                0x0000000008007e62                HAL_CAN_TxMailbox0CompleteCallback
 .text.HAL_CAN_TxMailbox1CompleteCallback
                0x0000000008007e72       0x10 ./Drivers/STM32F0xx_HAL_Driver/Src/stm32f0xx_hal_can.o
                0x0000000008007e72                HAL_CAN_TxMailbox1CompleteCallback
 .text.HAL_CAN_TxMailbox2CompleteCallback
                0x0000000008007e82       0x10 ./Drivers/STM32F0xx_HAL_Driver/Src/stm32f0xx_hal_can.o
                0x0000000008007e82                HAL_CAN_TxMailbox2CompleteCallback
 .text.HAL_CAN_TxMailbox0AbortCallback
                0x0000000008007e92       0x10 ./Drivers/STM32F0xx_HAL_Driver/Src/stm32f0xx_hal_can.o
                0x0000000008007e92                HAL_CAN_TxMailbox0AbortCallback
 .text.HAL_CAN_TxMailbox1AbortCallback
                0x0000000008007ea2       0x10 ./Drivers/STM32F0xx_HAL_Driver/Src/stm32f0xx_hal_can.o
                0x0000000008007ea2                HAL_CAN_TxMailbox1AbortCallback
 .text.HAL_CAN_TxMailbox2AbortCallback
                0x0000000008007eb2       0x10 ./Drivers/STM32F0xx_HAL_Driver/Src/stm32f0xx_hal_can.o
                0x0000000008007eb2                HAL_CAN_TxMailbox2AbortCallback
 .text.HAL_CAN_RxFifo0FullCallback
                0x0000000008007ec2       0x10 ./Drivers/STM32F0xx_HAL_Driver/Src/stm32f0xx_hal_can.o
                0x0000000008007ec2                HAL_CAN_RxFifo0FullCallback
 .text.HAL_CAN_RxFifo1MsgPendingCallback
                0x0000000008007ed2       0x10 ./Drivers/STM32F0xx_HAL_Driver/Src/stm32f0xx_hal_can.o
                0x0000000008007ed2                HAL_CAN_RxFifo1MsgPendingCallback
 .text.HAL_CAN_RxFifo1FullCallback
                0x0000000008007ee2       0x10 ./Drivers/STM32F0xx_HAL_Driver/Src/stm32f0xx_hal_can.o
                0x0000000008007ee2                HAL_CAN_RxFifo1FullCallback
 .text.HAL_CAN_SleepCallback
                0x0000000008007ef2       0x10 ./Drivers/STM32F0xx_HAL_Driver/Src/stm32f0xx_hal_can.o
                0x0000000008007ef2                HAL_CAN_SleepCallback
 .text.HAL_CAN_WakeUpFromRxMsgCallback
                0x0000000008007f02       0x10 ./Drivers/STM32F0xx_HAL_Driver/Src/stm32f0xx_hal_can.o
                0x0000000008007f02                HAL_CAN_WakeUpFromRxMsgCallback
 .text.HAL_CAN_ErrorCallback
                0x0000000008007f12       0x10 ./Drivers/STM32F0xx_HAL_Driver/Src/stm32f0xx_hal_can.o
                0x0000000008007f12                HAL_CAN_ErrorCallback
 *fill*         0x0000000008007f22        0x2 
 .text.__NVIC_EnableIRQ
                0x0000000008007f24       0x34 ./Drivers/STM32F0xx_HAL_Driver/Src/stm32f0xx_hal_cortex.o
 .text.__NVIC_SetPriority
                0x0000000008007f58       0xdc ./Drivers/STM32F0xx_HAL_Driver/Src/stm32f0xx_hal_cortex.o
 .text.SysTick_Config
                0x0000000008008034       0x48 ./Drivers/STM32F0xx_HAL_Driver/Src/stm32f0xx_hal_cortex.o
 .text.HAL_NVIC_SetPriority
                0x000000000800807c       0x2a ./Drivers/STM32F0xx_HAL_Driver/Src/stm32f0xx_hal_cortex.o
                0x000000000800807c                HAL_NVIC_SetPriority
 .text.HAL_NVIC_EnableIRQ
                0x00000000080080a6       0x20 ./Drivers/STM32F0xx_HAL_Driver/Src/stm32f0xx_hal_cortex.o
                0x00000000080080a6                HAL_NVIC_EnableIRQ
 .text.HAL_SYSTICK_Config
                0x00000000080080c6       0x1a ./Drivers/STM32F0xx_HAL_Driver/Src/stm32f0xx_hal_cortex.o
                0x00000000080080c6                HAL_SYSTICK_Config
 .text.HAL_GPIO_Init
                0x00000000080080e0      0x2f0 ./Drivers/STM32F0xx_HAL_Driver/Src/stm32f0xx_hal_gpio.o
                0x00000000080080e0                HAL_GPIO_Init
 .text.HAL_GPIO_ReadPin
                0x00000000080083d0       0x3a ./Drivers/STM32F0xx_HAL_Driver/Src/stm32f0xx_hal_gpio.o
                0x00000000080083d0                HAL_GPIO_ReadPin
 .text.HAL_GPIO_WritePin
                0x000000000800840a       0x3a ./Drivers/STM32F0xx_HAL_Driver/Src/stm32f0xx_hal_gpio.o
                0x000000000800840a                HAL_GPIO_WritePin
 .text.HAL_PCD_Init
                0x0000000008008444      0x200 ./Drivers/STM32F0xx_HAL_Driver/Src/stm32f0xx_hal_pcd.o
                0x0000000008008444                HAL_PCD_Init
 .text.HAL_PCD_Start
                0x0000000008008644       0x4a ./Drivers/STM32F0xx_HAL_Driver/Src/stm32f0xx_hal_pcd.o
                0x0000000008008644                HAL_PCD_Start
 *fill*         0x000000000800868e        0x2 
 .text.HAL_PCD_IRQHandler
                0x0000000008008690      0x288 ./Drivers/STM32F0xx_HAL_Driver/Src/stm32f0xx_hal_pcd.o
                0x0000000008008690                HAL_PCD_IRQHandler
 .text.HAL_PCD_SetAddress
                0x0000000008008918       0x56 ./Drivers/STM32F0xx_HAL_Driver/Src/stm32f0xx_hal_pcd.o
                0x0000000008008918                HAL_PCD_SetAddress
 .text.HAL_PCD_EP_Open
                0x000000000800896e       0xde ./Drivers/STM32F0xx_HAL_Driver/Src/stm32f0xx_hal_pcd.o
                0x000000000800896e                HAL_PCD_EP_Open
 .text.HAL_PCD_EP_Close
                0x0000000008008a4c       0xa2 ./Drivers/STM32F0xx_HAL_Driver/Src/stm32f0xx_hal_pcd.o
                0x0000000008008a4c                HAL_PCD_EP_Close
 .text.HAL_PCD_EP_Receive
                0x0000000008008aee       0x6e ./Drivers/STM32F0xx_HAL_Driver/Src/stm32f0xx_hal_pcd.o
                0x0000000008008aee                HAL_PCD_EP_Receive
 .text.HAL_PCD_EP_GetRxCount
                0x0000000008008b5c       0x32 ./Drivers/STM32F0xx_HAL_Driver/Src/stm32f0xx_hal_pcd.o
                0x0000000008008b5c                HAL_PCD_EP_GetRxCount
 .text.HAL_PCD_EP_Transmit
                0x0000000008008b8e       0x78 ./Drivers/STM32F0xx_HAL_Driver/Src/stm32f0xx_hal_pcd.o
                0x0000000008008b8e                HAL_PCD_EP_Transmit
 .text.HAL_PCD_EP_SetStall
                0x0000000008008c06       0xb8 ./Drivers/STM32F0xx_HAL_Driver/Src/stm32f0xx_hal_pcd.o
                0x0000000008008c06                HAL_PCD_EP_SetStall
 .text.HAL_PCD_EP_ClrStall
                0x0000000008008cbe       0xbc ./Drivers/STM32F0xx_HAL_Driver/Src/stm32f0xx_hal_pcd.o
                0x0000000008008cbe                HAL_PCD_EP_ClrStall
 *fill*         0x0000000008008d7a        0x2 
 .text.PCD_EP_ISR_Handler
                0x0000000008008d7c      0x80c ./Drivers/STM32F0xx_HAL_Driver/Src/stm32f0xx_hal_pcd.o
 .text.HAL_PCD_EP_DB_Receive
                0x0000000008009588      0x238 ./Drivers/STM32F0xx_HAL_Driver/Src/stm32f0xx_hal_pcd.o
 .text.HAL_PCD_EP_DB_Transmit
                0x00000000080097c0      0x820 ./Drivers/STM32F0xx_HAL_Driver/Src/stm32f0xx_hal_pcd.o
 .text.HAL_PCDEx_PMAConfig
                0x0000000008009fe0       0x9c ./Drivers/STM32F0xx_HAL_Driver/Src/stm32f0xx_hal_pcd_ex.o
                0x0000000008009fe0                HAL_PCDEx_PMAConfig
 .text.HAL_PCDEx_ActivateLPM
                0x000000000800a07c       0x54 ./Drivers/STM32F0xx_HAL_Driver/Src/stm32f0xx_hal_pcd_ex.o
                0x000000000800a07c                HAL_PCDEx_ActivateLPM
 .text.HAL_PCDEx_LPM_Callback
                0x000000000800a0d0       0x16 ./Drivers/STM32F0xx_HAL_Driver/Src/stm32f0xx_hal_pcd_ex.o
                0x000000000800a0d0                HAL_PCDEx_LPM_Callback
 *fill*         0x000000000800a0e6        0x2 
 .text.HAL_RCC_OscConfig
                0x000000000800a0e8      0x70c ./Drivers/STM32F0xx_HAL_Driver/Src/stm32f0xx_hal_rcc.o
                0x000000000800a0e8                HAL_RCC_OscConfig
 .text.HAL_RCC_ClockConfig
                0x000000000800a7f4      0x1b4 ./Drivers/STM32F0xx_HAL_Driver/Src/stm32f0xx_hal_rcc.o
                0x000000000800a7f4                HAL_RCC_ClockConfig
 .text.HAL_RCC_GetSysClockFreq
                0x000000000800a9a8       0xe4 ./Drivers/STM32F0xx_HAL_Driver/Src/stm32f0xx_hal_rcc.o
                0x000000000800a9a8                HAL_RCC_GetSysClockFreq
 .text.HAL_RCCEx_PeriphCLKConfig
                0x000000000800aa8c      0x1fc ./Drivers/STM32F0xx_HAL_Driver/Src/stm32f0xx_hal_rcc_ex.o
                0x000000000800aa8c                HAL_RCCEx_PeriphCLKConfig
 .text.HAL_TIM_Base_Init
                0x000000000800ac88       0xa0 ./Drivers/STM32F0xx_HAL_Driver/Src/stm32f0xx_hal_tim.o
                0x000000000800ac88                HAL_TIM_Base_Init
 .text.HAL_TIM_Base_Start_IT
                0x000000000800ad28       0xa4 ./Drivers/STM32F0xx_HAL_Driver/Src/stm32f0xx_hal_tim.o
                0x000000000800ad28                HAL_TIM_Base_Start_IT
 .text.HAL_TIM_PWM_Init
                0x000000000800adcc       0xa0 ./Drivers/STM32F0xx_HAL_Driver/Src/stm32f0xx_hal_tim.o
                0x000000000800adcc                HAL_TIM_PWM_Init
 .text.HAL_TIM_PWM_Start
                0x000000000800ae6c      0x170 ./Drivers/STM32F0xx_HAL_Driver/Src/stm32f0xx_hal_tim.o
                0x000000000800ae6c                HAL_TIM_PWM_Start
 .text.HAL_TIM_IRQHandler
                0x000000000800afdc      0x22c ./Drivers/STM32F0xx_HAL_Driver/Src/stm32f0xx_hal_tim.o
                0x000000000800afdc                HAL_TIM_IRQHandler
 .text.HAL_TIM_PWM_ConfigChannel
                0x000000000800b208      0x18c ./Drivers/STM32F0xx_HAL_Driver/Src/stm32f0xx_hal_tim.o
                0x000000000800b208                HAL_TIM_PWM_ConfigChannel
 .text.HAL_TIM_ConfigClockSource
                0x000000000800b394      0x1a8 ./Drivers/STM32F0xx_HAL_Driver/Src/stm32f0xx_hal_tim.o
                0x000000000800b394                HAL_TIM_ConfigClockSource
 .text.HAL_TIM_OC_DelayElapsedCallback
                0x000000000800b53c       0x10 ./Drivers/STM32F0xx_HAL_Driver/Src/stm32f0xx_hal_tim.o
                0x000000000800b53c                HAL_TIM_OC_DelayElapsedCallback
 .text.HAL_TIM_IC_CaptureCallback
                0x000000000800b54c       0x10 ./Drivers/STM32F0xx_HAL_Driver/Src/stm32f0xx_hal_tim.o
                0x000000000800b54c                HAL_TIM_IC_CaptureCallback
 .text.HAL_TIM_PWM_PulseFinishedCallback
                0x000000000800b55c       0x10 ./Drivers/STM32F0xx_HAL_Driver/Src/stm32f0xx_hal_tim.o
                0x000000000800b55c                HAL_TIM_PWM_PulseFinishedCallback
 .text.HAL_TIM_TriggerCallback
                0x000000000800b56c       0x10 ./Drivers/STM32F0xx_HAL_Driver/Src/stm32f0xx_hal_tim.o
                0x000000000800b56c                HAL_TIM_TriggerCallback
 .text.TIM_Base_SetConfig
                0x000000000800b57c      0x100 ./Drivers/STM32F0xx_HAL_Driver/Src/stm32f0xx_hal_tim.o
                0x000000000800b57c                TIM_Base_SetConfig
 .text.TIM_OC1_SetConfig
                0x000000000800b67c      0x110 ./Drivers/STM32F0xx_HAL_Driver/Src/stm32f0xx_hal_tim.o
 .text.TIM_OC2_SetConfig
                0x000000000800b78c      0x108 ./Drivers/STM32F0xx_HAL_Driver/Src/stm32f0xx_hal_tim.o
                0x000000000800b78c                TIM_OC2_SetConfig
 .text.TIM_OC3_SetConfig
                0x000000000800b894      0x10c ./Drivers/STM32F0xx_HAL_Driver/Src/stm32f0xx_hal_tim.o
 .text.TIM_OC4_SetConfig
                0x000000000800b9a0       0xd4 ./Drivers/STM32F0xx_HAL_Driver/Src/stm32f0xx_hal_tim.o
 .text.TIM_TI1_ConfigInputStage
                0x000000000800ba74       0x5c ./Drivers/STM32F0xx_HAL_Driver/Src/stm32f0xx_hal_tim.o
 .text.TIM_TI2_ConfigInputStage
                0x000000000800bad0       0x64 ./Drivers/STM32F0xx_HAL_Driver/Src/stm32f0xx_hal_tim.o
 .text.TIM_ITRx_SetConfig
                0x000000000800bb34       0x32 ./Drivers/STM32F0xx_HAL_Driver/Src/stm32f0xx_hal_tim.o
 *fill*         0x000000000800bb66        0x2 
 .text.TIM_ETR_SetConfig
                0x000000000800bb68       0x40 ./Drivers/STM32F0xx_HAL_Driver/Src/stm32f0xx_hal_tim.o
                0x000000000800bb68                TIM_ETR_SetConfig
 .text.TIM_CCxChannelCmd
                0x000000000800bba8       0x46 ./Drivers/STM32F0xx_HAL_Driver/Src/stm32f0xx_hal_tim.o
                0x000000000800bba8                TIM_CCxChannelCmd
 *fill*         0x000000000800bbee        0x2 
 .text.HAL_TIMEx_MasterConfigSynchronization
                0x000000000800bbf0       0xbc ./Drivers/STM32F0xx_HAL_Driver/Src/stm32f0xx_hal_tim_ex.o
                0x000000000800bbf0                HAL_TIMEx_MasterConfigSynchronization
 .text.HAL_TIMEx_CommutCallback
                0x000000000800bcac       0x10 ./Drivers/STM32F0xx_HAL_Driver/Src/stm32f0xx_hal_tim_ex.o
                0x000000000800bcac                HAL_TIMEx_CommutCallback
 .text.HAL_TIMEx_BreakCallback
                0x000000000800bcbc       0x10 ./Drivers/STM32F0xx_HAL_Driver/Src/stm32f0xx_hal_tim_ex.o
                0x000000000800bcbc                HAL_TIMEx_BreakCallback
 .text.USB_EnableGlobalInt
                0x000000000800bccc       0x2c ./Drivers/STM32F0xx_HAL_Driver/Src/stm32f0xx_ll_usb.o
                0x000000000800bccc                USB_EnableGlobalInt
 .text.USB_DisableGlobalInt
                0x000000000800bcf8       0x34 ./Drivers/STM32F0xx_HAL_Driver/Src/stm32f0xx_ll_usb.o
                0x000000000800bcf8                USB_DisableGlobalInt
 .text.USB_DevInit
                0x000000000800bd2c       0x4e ./Drivers/STM32F0xx_HAL_Driver/Src/stm32f0xx_ll_usb.o
                0x000000000800bd2c                USB_DevInit
 *fill*         0x000000000800bd7a        0x2 
 .text.USB_ActivateEndpoint
                0x000000000800bd7c      0x744 ./Drivers/STM32F0xx_HAL_Driver/Src/stm32f0xx_ll_usb.o
                0x000000000800bd7c                USB_ActivateEndpoint
 .text.USB_DeactivateEndpoint
                0x000000000800c4c0      0x380 ./Drivers/STM32F0xx_HAL_Driver/Src/stm32f0xx_ll_usb.o
                0x000000000800c4c0                USB_DeactivateEndpoint
 .text.USB_EPStartXfer
                0x000000000800c840     0x1270 ./Drivers/STM32F0xx_HAL_Driver/Src/stm32f0xx_ll_usb.o
                0x000000000800c840                USB_EPStartXfer
 .text.USB_EPSetStall
                0x000000000800dab0       0xa0 ./Drivers/STM32F0xx_HAL_Driver/Src/stm32f0xx_ll_usb.o
                0x000000000800dab0                USB_EPSetStall
 .text.USB_EPClearStall
                0x000000000800db50      0x164 ./Drivers/STM32F0xx_HAL_Driver/Src/stm32f0xx_ll_usb.o
                0x000000000800db50                USB_EPClearStall
 .text.USB_SetDevAddress
                0x000000000800dcb4       0x28 ./Drivers/STM32F0xx_HAL_Driver/Src/stm32f0xx_ll_usb.o
                0x000000000800dcb4                USB_SetDevAddress
 .text.USB_DevConnect
                0x000000000800dcdc       0x2c ./Drivers/STM32F0xx_HAL_Driver/Src/stm32f0xx_ll_usb.o
                0x000000000800dcdc                USB_DevConnect
 .text.USB_ReadInterrupts
                0x000000000800dd08       0x1c ./Drivers/STM32F0xx_HAL_Driver/Src/stm32f0xx_ll_usb.o
                0x000000000800dd08                USB_ReadInterrupts
 .text.USB_WritePMA
                0x000000000800dd24       0x92 ./Drivers/STM32F0xx_HAL_Driver/Src/stm32f0xx_ll_usb.o
                0x000000000800dd24                USB_WritePMA
 .text.USB_ReadPMA
                0x000000000800ddb6       0x9e ./Drivers/STM32F0xx_HAL_Driver/Src/stm32f0xx_ll_usb.o
                0x000000000800ddb6                USB_ReadPMA
 .text.memset   0x000000000800de54       0x10 D:/Tool/STM32CubeIDE_1.6.1/STM32CubeIDE/plugins/com.st.stm32cube.ide.mcu.externaltools.gnu-tools-for-stm32.11.3.rel1.win32_1.1.100.202309141235/tools/bin/../lib/gcc/arm-none-eabi/11.3.1/../../../../arm-none-eabi/lib/thumb/v6-m/nofp\libc_nano.a(libc_a-memset.o)
                0x000000000800de54                memset
 .text.__libc_init_array
                0x000000000800de64       0x48 D:/Tool/STM32CubeIDE_1.6.1/STM32CubeIDE/plugins/com.st.stm32cube.ide.mcu.externaltools.gnu-tools-for-stm32.11.3.rel1.win32_1.1.100.202309141235/tools/bin/../lib/gcc/arm-none-eabi/11.3.1/../../../../arm-none-eabi/lib/thumb/v6-m/nofp\libc_nano.a(libc_a-init.o)
                0x000000000800de64                __libc_init_array
 *(.glue_7)
 .glue_7        0x000000000800deac        0x0 linker stubs
 *(.glue_7t)
 .glue_7t       0x000000000800deac        0x0 linker stubs
 *(.eh_frame)
 .eh_frame      0x000000000800deac        0x0 D:/Tool/STM32CubeIDE_1.6.1/STM32CubeIDE/plugins/com.st.stm32cube.ide.mcu.externaltools.gnu-tools-for-stm32.11.3.rel1.win32_1.1.100.202309141235/tools/bin/../lib/gcc/arm-none-eabi/11.3.1/thumb/v6-m/nofp/crtbegin.o
 *(.init)
 .init          0x000000000800deac        0x4 D:/Tool/STM32CubeIDE_1.6.1/STM32CubeIDE/plugins/com.st.stm32cube.ide.mcu.externaltools.gnu-tools-for-stm32.11.3.rel1.win32_1.1.100.202309141235/tools/bin/../lib/gcc/arm-none-eabi/11.3.1/thumb/v6-m/nofp/crti.o
                0x000000000800deac                _init
 .init          0x000000000800deb0        0x8 D:/Tool/STM32CubeIDE_1.6.1/STM32CubeIDE/plugins/com.st.stm32cube.ide.mcu.externaltools.gnu-tools-for-stm32.11.3.rel1.win32_1.1.100.202309141235/tools/bin/../lib/gcc/arm-none-eabi/11.3.1/thumb/v6-m/nofp/crtn.o
 *(.fini)
 .fini          0x000000000800deb8        0x4 D:/Tool/STM32CubeIDE_1.6.1/STM32CubeIDE/plugins/com.st.stm32cube.ide.mcu.externaltools.gnu-tools-for-stm32.11.3.rel1.win32_1.1.100.202309141235/tools/bin/../lib/gcc/arm-none-eabi/11.3.1/thumb/v6-m/nofp/crti.o
                0x000000000800deb8                _fini
 .fini          0x000000000800debc        0x8 D:/Tool/STM32CubeIDE_1.6.1/STM32CubeIDE/plugins/com.st.stm32cube.ide.mcu.externaltools.gnu-tools-for-stm32.11.3.rel1.win32_1.1.100.202309141235/tools/bin/../lib/gcc/arm-none-eabi/11.3.1/thumb/v6-m/nofp/crtn.o
                0x000000000800dec4                . = ALIGN (0x4)
                0x000000000800dec4                _etext = .

.vfp11_veneer   0x000000000800dec4        0x0
 .vfp11_veneer  0x000000000800dec4        0x0 linker stubs

.v4_bx          0x000000000800dec4        0x0
 .v4_bx         0x000000000800dec4        0x0 linker stubs

.iplt           0x000000000800dec4        0x0
 .iplt          0x000000000800dec4        0x0 D:/Tool/STM32CubeIDE_1.6.1/STM32CubeIDE/plugins/com.st.stm32cube.ide.mcu.externaltools.gnu-tools-for-stm32.11.3.rel1.win32_1.1.100.202309141235/tools/bin/../lib/gcc/arm-none-eabi/11.3.1/thumb/v6-m/nofp/crtbegin.o

.rodata         0x000000000800dec4      0x244
                0x000000000800dec4                . = ALIGN (0x4)
 *(.rodata)
 .rodata        0x000000000800dec4       0x46 ./Core/Src/usbd_desc.o
 *fill*         0x000000000800df0a        0x2 
 .rodata        0x000000000800df0c       0x80 D:/Tool/STM32CubeIDE_1.6.1/STM32CubeIDE/plugins/com.st.stm32cube.ide.mcu.externaltools.gnu-tools-for-stm32.11.3.rel1.win32_1.1.100.202309141235/tools/bin/../lib/gcc/arm-none-eabi/11.3.1/thumb/v6-m/nofp\libgcc.a(divsf3.o)
 .rodata        0x000000000800df8c       0x40 D:/Tool/STM32CubeIDE_1.6.1/STM32CubeIDE/plugins/com.st.stm32cube.ide.mcu.externaltools.gnu-tools-for-stm32.11.3.rel1.win32_1.1.100.202309141235/tools/bin/../lib/gcc/arm-none-eabi/11.3.1/thumb/v6-m/nofp\libgcc.a(divdf3.o)
 *(.rodata*)
 .rodata.main   0x000000000800dfcc       0x1c ./Core/Src/main.o
 .rodata.AHBPrescTable
                0x000000000800dfe8       0x10 ./Core/Src/system_stm32f0xx.o
                0x000000000800dfe8                AHBPrescTable
 .rodata.CDC_Control_FS
                0x000000000800dff8       0x90 ./Core/Src/usbd_cdc_if.o
 .rodata.USBD_StdDevReq
                0x000000000800e088       0x28 ./Core/Src/usbd_ctlreq.o
 .rodata.USBD_GetDescriptor
                0x000000000800e0b0       0x38 ./Core/Src/usbd_ctlreq.o
 .rodata.aPLLMULFactorTable.1
                0x000000000800e0e8       0x10 ./Drivers/STM32F0xx_HAL_Driver/Src/stm32f0xx_hal_rcc.o
 .rodata.aPredivFactorTable.0
                0x000000000800e0f8       0x10 ./Drivers/STM32F0xx_HAL_Driver/Src/stm32f0xx_hal_rcc.o
                0x000000000800e108                . = ALIGN (0x4)

.rel.dyn        0x000000000800e108        0x0
 .rel.iplt      0x000000000800e108        0x0 D:/Tool/STM32CubeIDE_1.6.1/STM32CubeIDE/plugins/com.st.stm32cube.ide.mcu.externaltools.gnu-tools-for-stm32.11.3.rel1.win32_1.1.100.202309141235/tools/bin/../lib/gcc/arm-none-eabi/11.3.1/thumb/v6-m/nofp/crtbegin.o

.ARM.extab      0x000000000800e108        0x0
                0x000000000800e108                . = ALIGN (0x4)
 *(.ARM.extab* .gnu.linkonce.armextab.*)
                0x000000000800e108                . = ALIGN (0x4)

.ARM            0x000000000800e108        0x0
                0x000000000800e108                . = ALIGN (0x4)
                0x000000000800e108                __exidx_start = .
 *(.ARM.exidx*)
                0x000000000800e108                __exidx_end = .
                0x000000000800e108                . = ALIGN (0x4)

.preinit_array  0x000000000800e108        0x0
                0x000000000800e108                . = ALIGN (0x4)
                0x000000000800e108                PROVIDE (__preinit_array_start = .)
 *(.preinit_array*)
                0x000000000800e108                PROVIDE (__preinit_array_end = .)
                0x000000000800e108                . = ALIGN (0x4)

.init_array     0x000000000800e108        0x4
                0x000000000800e108                . = ALIGN (0x4)
                0x000000000800e108                PROVIDE (__init_array_start = .)
 *(SORT_BY_NAME(.init_array.*))
 *(.init_array*)
 .init_array    0x000000000800e108        0x4 D:/Tool/STM32CubeIDE_1.6.1/STM32CubeIDE/plugins/com.st.stm32cube.ide.mcu.externaltools.gnu-tools-for-stm32.11.3.rel1.win32_1.1.100.202309141235/tools/bin/../lib/gcc/arm-none-eabi/11.3.1/thumb/v6-m/nofp/crtbegin.o
                0x000000000800e10c                PROVIDE (__init_array_end = .)
                0x000000000800e10c                . = ALIGN (0x4)

.fini_array     0x000000000800e10c        0x4
                0x000000000800e10c                . = ALIGN (0x4)
                [!provide]                        PROVIDE (__fini_array_start = .)
 *(SORT_BY_NAME(.fini_array.*))
 *(.fini_array*)
 .fini_array    0x000000000800e10c        0x4 D:/Tool/STM32CubeIDE_1.6.1/STM32CubeIDE/plugins/com.st.stm32cube.ide.mcu.externaltools.gnu-tools-for-stm32.11.3.rel1.win32_1.1.100.202309141235/tools/bin/../lib/gcc/arm-none-eabi/11.3.1/thumb/v6-m/nofp/crtbegin.o
                [!provide]                        PROVIDE (__fini_array_end = .)
                0x000000000800e110                . = ALIGN (0x4)
                0x000000000800e110                _sidata = LOADADDR (.data)

.data           0x0000000020000000      0x1b8 load address 0x000000000800e110
                0x0000000020000000                . = ALIGN (0x4)
                0x0000000020000000                _sdata = .
 *(.data)
 *(.data*)
 .data.Kp       0x0000000020000000        0x4 ./Core/Src/MyForceControl.o
                0x0000000020000000                Kp
 .data.Ki       0x0000000020000004        0x4 ./Core/Src/MyForceControl.o
                0x0000000020000004                Ki
 .data.max_int  0x0000000020000008        0x4 ./Core/Src/MyForceControl.o
                0x0000000020000008                max_int
 .data.k_coff   0x000000002000000c        0x4 ./Core/Src/MyForceControl.o
                0x000000002000000c                k_coff
 .data.a        0x0000000020000010       0x10 ./Core/Src/MyWeight.o
                0x0000000020000010                a
 .data.b        0x0000000020000020       0x10 ./Core/Src/MyWeight.o
                0x0000000020000020                b
 .data.zeropoint
                0x0000000020000030        0x4 ./Core/Src/MyWeight.o
                0x0000000020000030                zeropoint
 .data.weighttime
                0x0000000020000034        0x4 ./Core/Src/MyWeight.o
                0x0000000020000034                weighttime
 .data.motor_mode
                0x0000000020000038        0x1 ./Core/Src/main.o
                0x0000000020000038                motor_mode
 *fill*         0x0000000020000039        0x3 
 .data.SystemCoreClock
                0x000000002000003c        0x4 ./Core/Src/system_stm32f0xx.o
                0x000000002000003c                SystemCoreClock
 .data.USBD_CDC_DeviceQualifierDesc
                0x0000000020000040        0xa ./Core/Src/usbd_cdc.o
 *fill*         0x000000002000004a        0x2 
 .data.USBD_CDC
                0x000000002000004c       0x38 ./Core/Src/usbd_cdc.o
                0x000000002000004c                USBD_CDC
 .data.USBD_CDC_CfgHSDesc
                0x0000000020000084       0x43 ./Core/Src/usbd_cdc.o
                0x0000000020000084                USBD_CDC_CfgHSDesc
 *fill*         0x00000000200000c7        0x1 
 .data.USBD_CDC_CfgFSDesc
                0x00000000200000c8       0x43 ./Core/Src/usbd_cdc.o
                0x00000000200000c8                USBD_CDC_CfgFSDesc
 *fill*         0x000000002000010b        0x1 
 .data.USBD_CDC_OtherSpeedCfgDesc
                0x000000002000010c       0x43 ./Core/Src/usbd_cdc.o
                0x000000002000010c                USBD_CDC_OtherSpeedCfgDesc
 *fill*         0x000000002000014f        0x1 
 .data.USBD_Interface_fops_FS
                0x0000000020000150       0x10 ./Core/Src/usbd_cdc_if.o
                0x0000000020000150                USBD_Interface_fops_FS
 .data.FS_Desc  0x0000000020000160       0x1c ./Core/Src/usbd_desc.o
                0x0000000020000160                FS_Desc
 .data.USBD_FS_DeviceDesc
                0x000000002000017c       0x12 ./Core/Src/usbd_desc.o
                0x000000002000017c                USBD_FS_DeviceDesc
 *fill*         0x000000002000018e        0x2 
 .data.USBD_LangIDDesc
                0x0000000020000190        0x4 ./Core/Src/usbd_desc.o
                0x0000000020000190                USBD_LangIDDesc
 .data.USBD_StringSerial
                0x0000000020000194       0x1a ./Core/Src/usbd_desc.o
                0x0000000020000194                USBD_StringSerial
 *fill*         0x00000000200001ae        0x2 
 .data.uwTickPrio
                0x00000000200001b0        0x4 ./Drivers/STM32F0xx_HAL_Driver/Src/stm32f0xx_hal.o
                0x00000000200001b0                uwTickPrio
 .data.uwTickFreq
                0x00000000200001b4        0x1 ./Drivers/STM32F0xx_HAL_Driver/Src/stm32f0xx_hal.o
                0x00000000200001b4                uwTickFreq
 *(.RamFunc)
 *(.RamFunc*)
                0x00000000200001b8                . = ALIGN (0x4)
 *fill*         0x00000000200001b5        0x3 
                0x00000000200001b8                _edata = .

.igot.plt       0x00000000200001b8        0x0 load address 0x000000000800e2c8
 .igot.plt      0x00000000200001b8        0x0 D:/Tool/STM32CubeIDE_1.6.1/STM32CubeIDE/plugins/com.st.stm32cube.ide.mcu.externaltools.gnu-tools-for-stm32.11.3.rel1.win32_1.1.100.202309141235/tools/bin/../lib/gcc/arm-none-eabi/11.3.1/thumb/v6-m/nofp/crtbegin.o
                0x00000000200001b8                . = ALIGN (0x4)

.bss            0x00000000200001b8     0x13dc load address 0x000000000800e2c8
                0x00000000200001b8                _sbss = .
                0x00000000200001b8                __bss_start__ = _sbss
 *(.bss)
 .bss           0x00000000200001b8       0x1c D:/Tool/STM32CubeIDE_1.6.1/STM32CubeIDE/plugins/com.st.stm32cube.ide.mcu.externaltools.gnu-tools-for-stm32.11.3.rel1.win32_1.1.100.202309141235/tools/bin/../lib/gcc/arm-none-eabi/11.3.1/thumb/v6-m/nofp/crtbegin.o
 *(.bss*)
 .bss.error_int
                0x00000000200001d4        0x4 ./Core/Src/MyForceControl.o
                0x00000000200001d4                error_int
 .bss.TxHeader  0x00000000200001d8       0x18 ./Core/Src/MyMotor.o
                0x00000000200001d8                TxHeader
 .bss.RxHeader  0x00000000200001f0       0x1c ./Core/Src/MyMotor.o
                0x00000000200001f0                RxHeader
 .bss.TxMailbox
                0x000000002000020c        0x4 ./Core/Src/MyMotor.o
                0x000000002000020c                TxMailbox
 .bss.can_r     0x0000000020000210        0x8 ./Core/Src/MyMotor.o
                0x0000000020000210                can_r
 .bss.can_t     0x0000000020000218        0x8 ./Core/Src/MyMotor.o
                0x0000000020000218                can_t
 .bss.now_current
                0x0000000020000220        0x2 ./Core/Src/MyMotor.o
                0x0000000020000220                now_current
 .bss.now_speed
                0x0000000020000222        0x2 ./Core/Src/MyMotor.o
                0x0000000020000222                now_speed
 .bss.now_pos   0x0000000020000224        0x4 ./Core/Src/MyMotor.o
                0x0000000020000224                now_pos
 .bss.now_tick  0x0000000020000228        0x2 ./Core/Src/MyMotor.o
                0x0000000020000228                now_tick
 .bss.pos0_r    0x000000002000022a        0x2 ./Core/Src/MyMotor.o
                0x000000002000022a                pos0_r
 .bss.now_r     0x000000002000022c        0x4 ./Core/Src/MyMotor.o
                0x000000002000022c                now_r
 .bss.lastx     0x0000000020000230        0xc ./Core/Src/MyWeight.o
                0x0000000020000230                lastx
 .bss.lasty     0x000000002000023c        0xc ./Core/Src/MyWeight.o
                0x000000002000023c                lasty
 .bss.mtime_now
                0x0000000020000248        0x4 ./Core/Src/main.o
                0x0000000020000248                mtime_now
 .bss.motor_flag
                0x000000002000024c        0x1 ./Core/Src/main.o
                0x000000002000024c                motor_flag
 .bss.report_flag
                0x000000002000024d        0x1 ./Core/Src/main.o
                0x000000002000024d                report_flag
 *fill*         0x000000002000024e        0x2 
 .bss.motor_response_flag
                0x0000000020000250        0x4 ./Core/Src/main.o
                0x0000000020000250                motor_response_flag
 .bss.motor_task
                0x0000000020000254        0x1 ./Core/Src/main.o
                0x0000000020000254                motor_task
 .bss.safe_counter
                0x0000000020000255        0x1 ./Core/Src/main.o
                0x0000000020000255                safe_counter
 .bss.now_force
                0x0000000020000256        0x2 ./Core/Src/main.o
                0x0000000020000256                now_force
 .bss.keep_pos  0x0000000020000258        0x4 ./Core/Src/main.o
                0x0000000020000258                keep_pos
 .bss.keep_goal_cnt
                0x000000002000025c        0x1 ./Core/Src/main.o
                0x000000002000025c                keep_goal_cnt
 *fill*         0x000000002000025d        0x3 
 .bss.data_list
                0x0000000020000260        0xb ./Core/Src/main.o
                0x0000000020000260                data_list
 *fill*         0x000000002000026b        0x1 
 .bss.goal_force
                0x000000002000026c        0x2 ./Core/Src/main.o
                0x000000002000026c                goal_force
 *fill*         0x000000002000026e        0x2 
 .bss.goal_speed
                0x0000000020000270        0x4 ./Core/Src/main.o
                0x0000000020000270                goal_speed
 .bss.goal_pos  0x0000000020000274        0x2 ./Core/Src/main.o
                0x0000000020000274                goal_pos
 *fill*         0x0000000020000276        0x2 
 .bss.hadc      0x0000000020000278       0x40 ./Core/Src/main.o
                0x0000000020000278                hadc
 .bss.hcan      0x00000000200002b8       0x28 ./Core/Src/main.o
                0x00000000200002b8                hcan
 .bss.htim1     0x00000000200002e0       0x48 ./Core/Src/main.o
                0x00000000200002e0                htim1
 .bss.htim2     0x0000000020000328       0x48 ./Core/Src/main.o
                0x0000000020000328                htim2
 .bss.htim3     0x0000000020000370       0x48 ./Core/Src/main.o
                0x0000000020000370                htim3
 .bss.hUsbDeviceFS
                0x00000000200003b8      0x2c4 ./Core/Src/usb_device.o
                0x00000000200003b8                hUsbDeviceFS
 .bss.usbd.0    0x000000002000067c      0x21c ./Core/Src/usbd_cdc.o
 .bss.UserRxBufferFS
                0x0000000020000898      0x400 ./Core/Src/usbd_cdc_if.o
                0x0000000020000898                UserRxBufferFS
 .bss.UserTxBufferFS
                0x0000000020000c98      0x400 ./Core/Src/usbd_cdc_if.o
                0x0000000020000c98                UserTxBufferFS
 .bss.hpcd_USB_FS
                0x0000000020001098      0x2f4 ./Core/Src/usbd_conf.o
                0x0000000020001098                hpcd_USB_FS
 .bss.cfgidx.0  0x000000002000138c        0x1 ./Core/Src/usbd_ctlreq.o
 *fill*         0x000000002000138d        0x3 
 .bss.USBD_StrDesc
                0x0000000020001390      0x200 ./Core/Src/usbd_desc.o
                0x0000000020001390                USBD_StrDesc
 .bss.uwTick    0x0000000020001590        0x4 ./Drivers/STM32F0xx_HAL_Driver/Src/stm32f0xx_hal.o
                0x0000000020001590                uwTick
 *(COMMON)
                0x0000000020001594                . = ALIGN (0x4)
                0x0000000020001594                _ebss = .
                0x0000000020001594                __bss_end__ = _ebss

._user_heap_stack
                0x0000000020001594      0x604 load address 0x000000000800e2c8
                0x0000000020001598                . = ALIGN (0x8)
 *fill*         0x0000000020001594        0x4 
                [!provide]                        PROVIDE (end = .)
                0x0000000020001598                PROVIDE (_end = .)
                0x0000000020001798                . = (. + _Min_Heap_Size)
 *fill*         0x0000000020001598      0x200 
                0x0000000020001b98                . = (. + _Min_Stack_Size)
 *fill*         0x0000000020001798      0x400 
                0x0000000020001b98                . = ALIGN (0x8)

/DISCARD/
 libc.a(*)
 libm.a(*)
 libgcc.a(*)

.ARM.attributes
                0x0000000000000000       0x28
 *(.ARM.attributes)
 .ARM.attributes
                0x0000000000000000       0x1e D:/Tool/STM32CubeIDE_1.6.1/STM32CubeIDE/plugins/com.st.stm32cube.ide.mcu.externaltools.gnu-tools-for-stm32.11.3.rel1.win32_1.1.100.202309141235/tools/bin/../lib/gcc/arm-none-eabi/11.3.1/thumb/v6-m/nofp/crti.o
 .ARM.attributes
                0x000000000000001e       0x2c D:/Tool/STM32CubeIDE_1.6.1/STM32CubeIDE/plugins/com.st.stm32cube.ide.mcu.externaltools.gnu-tools-for-stm32.11.3.rel1.win32_1.1.100.202309141235/tools/bin/../lib/gcc/arm-none-eabi/11.3.1/thumb/v6-m/nofp/crtbegin.o
 .ARM.attributes
                0x000000000000004a       0x2c ./Core/Src/MyForceControl.o
 .ARM.attributes
                0x0000000000000076       0x2c ./Core/Src/MyMotor.o
 .ARM.attributes
                0x00000000000000a2       0x2c ./Core/Src/MyWeight.o
 .ARM.attributes
                0x00000000000000ce       0x2c ./Core/Src/io_i2c.o
 .ARM.attributes
                0x00000000000000fa       0x2c ./Core/Src/main.o
 .ARM.attributes
                0x0000000000000126       0x2c ./Core/Src/stm32f0xx_hal_msp.o
 .ARM.attributes
                0x0000000000000152       0x2c ./Core/Src/stm32f0xx_it.o
 .ARM.attributes
                0x000000000000017e       0x2c ./Core/Src/system_stm32f0xx.o
 .ARM.attributes
                0x00000000000001aa       0x2c ./Core/Src/usb_device.o
 .ARM.attributes
                0x00000000000001d6       0x2c ./Core/Src/usbd_cdc.o
 .ARM.attributes
                0x0000000000000202       0x2c ./Core/Src/usbd_cdc_if.o
 .ARM.attributes
                0x000000000000022e       0x2c ./Core/Src/usbd_conf.o
 .ARM.attributes
                0x000000000000025a       0x2c ./Core/Src/usbd_core.o
 .ARM.attributes
                0x0000000000000286       0x2c ./Core/Src/usbd_ctlreq.o
 .ARM.attributes
                0x00000000000002b2       0x2c ./Core/Src/usbd_desc.o
 .ARM.attributes
                0x00000000000002de       0x2c ./Core/Src/usbd_ioreq.o
 .ARM.attributes
                0x000000000000030a       0x21 ./Core/Startup/startup_stm32f072c8ux.o
 .ARM.attributes
                0x000000000000032b       0x2c ./Drivers/STM32F0xx_HAL_Driver/Src/stm32f0xx_hal.o
 .ARM.attributes
                0x0000000000000357       0x2c ./Drivers/STM32F0xx_HAL_Driver/Src/stm32f0xx_hal_adc.o
 .ARM.attributes
                0x0000000000000383       0x2c ./Drivers/STM32F0xx_HAL_Driver/Src/stm32f0xx_hal_adc_ex.o
 .ARM.attributes
                0x00000000000003af       0x2c ./Drivers/STM32F0xx_HAL_Driver/Src/stm32f0xx_hal_can.o
 .ARM.attributes
                0x00000000000003db       0x2c ./Drivers/STM32F0xx_HAL_Driver/Src/stm32f0xx_hal_cortex.o
 .ARM.attributes
                0x0000000000000407       0x2c ./Drivers/STM32F0xx_HAL_Driver/Src/stm32f0xx_hal_gpio.o
 .ARM.attributes
                0x0000000000000433       0x2c ./Drivers/STM32F0xx_HAL_Driver/Src/stm32f0xx_hal_pcd.o
 .ARM.attributes
                0x000000000000045f       0x2c ./Drivers/STM32F0xx_HAL_Driver/Src/stm32f0xx_hal_pcd_ex.o
 .ARM.attributes
                0x000000000000048b       0x2c ./Drivers/STM32F0xx_HAL_Driver/Src/stm32f0xx_hal_rcc.o
 .ARM.attributes
                0x00000000000004b7       0x2c ./Drivers/STM32F0xx_HAL_Driver/Src/stm32f0xx_hal_rcc_ex.o
 .ARM.attributes
                0x00000000000004e3       0x2c ./Drivers/STM32F0xx_HAL_Driver/Src/stm32f0xx_hal_tim.o
 .ARM.attributes
                0x000000000000050f       0x2c ./Drivers/STM32F0xx_HAL_Driver/Src/stm32f0xx_hal_tim_ex.o
 .ARM.attributes
                0x000000000000053b       0x2c ./Drivers/STM32F0xx_HAL_Driver/Src/stm32f0xx_ll_usb.o
 .ARM.attributes
                0x0000000000000567       0x2c D:/Tool/STM32CubeIDE_1.6.1/STM32CubeIDE/plugins/com.st.stm32cube.ide.mcu.externaltools.gnu-tools-for-stm32.11.3.rel1.win32_1.1.100.202309141235/tools/bin/../lib/gcc/arm-none-eabi/11.3.1/../../../../arm-none-eabi/lib/thumb/v6-m/nofp\libc_nano.a(libc_a-memset.o)
 .ARM.attributes
                0x0000000000000593       0x2c D:/Tool/STM32CubeIDE_1.6.1/STM32CubeIDE/plugins/com.st.stm32cube.ide.mcu.externaltools.gnu-tools-for-stm32.11.3.rel1.win32_1.1.100.202309141235/tools/bin/../lib/gcc/arm-none-eabi/11.3.1/../../../../arm-none-eabi/lib/thumb/v6-m/nofp\libc_nano.a(libc_a-init.o)
 .ARM.attributes
                0x00000000000005bf       0x1e D:/Tool/STM32CubeIDE_1.6.1/STM32CubeIDE/plugins/com.st.stm32cube.ide.mcu.externaltools.gnu-tools-for-stm32.11.3.rel1.win32_1.1.100.202309141235/tools/bin/../lib/gcc/arm-none-eabi/11.3.1/thumb/v6-m/nofp\libgcc.a(_udivsi3.o)
 .ARM.attributes
                0x00000000000005dd       0x1e D:/Tool/STM32CubeIDE_1.6.1/STM32CubeIDE/plugins/com.st.stm32cube.ide.mcu.externaltools.gnu-tools-for-stm32.11.3.rel1.win32_1.1.100.202309141235/tools/bin/../lib/gcc/arm-none-eabi/11.3.1/thumb/v6-m/nofp\libgcc.a(_divsi3.o)
 .ARM.attributes
                0x00000000000005fb       0x1e D:/Tool/STM32CubeIDE_1.6.1/STM32CubeIDE/plugins/com.st.stm32cube.ide.mcu.externaltools.gnu-tools-for-stm32.11.3.rel1.win32_1.1.100.202309141235/tools/bin/../lib/gcc/arm-none-eabi/11.3.1/thumb/v6-m/nofp\libgcc.a(_dvmd_tls.o)
 .ARM.attributes
                0x0000000000000619       0x1e D:/Tool/STM32CubeIDE_1.6.1/STM32CubeIDE/plugins/com.st.stm32cube.ide.mcu.externaltools.gnu-tools-for-stm32.11.3.rel1.win32_1.1.100.202309141235/tools/bin/../lib/gcc/arm-none-eabi/11.3.1/thumb/v6-m/nofp\libgcc.a(_arm_cmpdf2.o)
 .ARM.attributes
                0x0000000000000637       0x1e D:/Tool/STM32CubeIDE_1.6.1/STM32CubeIDE/plugins/com.st.stm32cube.ide.mcu.externaltools.gnu-tools-for-stm32.11.3.rel1.win32_1.1.100.202309141235/tools/bin/../lib/gcc/arm-none-eabi/11.3.1/thumb/v6-m/nofp\libgcc.a(_arm_cmpsf2.o)
 .ARM.attributes
                0x0000000000000655       0x2c D:/Tool/STM32CubeIDE_1.6.1/STM32CubeIDE/plugins/com.st.stm32cube.ide.mcu.externaltools.gnu-tools-for-stm32.11.3.rel1.win32_1.1.100.202309141235/tools/bin/../lib/gcc/arm-none-eabi/11.3.1/thumb/v6-m/nofp\libgcc.a(addsf3.o)
 .ARM.attributes
                0x0000000000000681       0x2c D:/Tool/STM32CubeIDE_1.6.1/STM32CubeIDE/plugins/com.st.stm32cube.ide.mcu.externaltools.gnu-tools-for-stm32.11.3.rel1.win32_1.1.100.202309141235/tools/bin/../lib/gcc/arm-none-eabi/11.3.1/thumb/v6-m/nofp\libgcc.a(divsf3.o)
 .ARM.attributes
                0x00000000000006ad       0x2c D:/Tool/STM32CubeIDE_1.6.1/STM32CubeIDE/plugins/com.st.stm32cube.ide.mcu.externaltools.gnu-tools-for-stm32.11.3.rel1.win32_1.1.100.202309141235/tools/bin/../lib/gcc/arm-none-eabi/11.3.1/thumb/v6-m/nofp\libgcc.a(eqsf2.o)
 .ARM.attributes
                0x00000000000006d9       0x2c D:/Tool/STM32CubeIDE_1.6.1/STM32CubeIDE/plugins/com.st.stm32cube.ide.mcu.externaltools.gnu-tools-for-stm32.11.3.rel1.win32_1.1.100.202309141235/tools/bin/../lib/gcc/arm-none-eabi/11.3.1/thumb/v6-m/nofp\libgcc.a(gesf2.o)
 .ARM.attributes
                0x0000000000000705       0x2c D:/Tool/STM32CubeIDE_1.6.1/STM32CubeIDE/plugins/com.st.stm32cube.ide.mcu.externaltools.gnu-tools-for-stm32.11.3.rel1.win32_1.1.100.202309141235/tools/bin/../lib/gcc/arm-none-eabi/11.3.1/thumb/v6-m/nofp\libgcc.a(lesf2.o)
 .ARM.attributes
                0x0000000000000731       0x2c D:/Tool/STM32CubeIDE_1.6.1/STM32CubeIDE/plugins/com.st.stm32cube.ide.mcu.externaltools.gnu-tools-for-stm32.11.3.rel1.win32_1.1.100.202309141235/tools/bin/../lib/gcc/arm-none-eabi/11.3.1/thumb/v6-m/nofp\libgcc.a(mulsf3.o)
 .ARM.attributes
                0x000000000000075d       0x2c D:/Tool/STM32CubeIDE_1.6.1/STM32CubeIDE/plugins/com.st.stm32cube.ide.mcu.externaltools.gnu-tools-for-stm32.11.3.rel1.win32_1.1.100.202309141235/tools/bin/../lib/gcc/arm-none-eabi/11.3.1/thumb/v6-m/nofp\libgcc.a(subsf3.o)
 .ARM.attributes
                0x0000000000000789       0x2c D:/Tool/STM32CubeIDE_1.6.1/STM32CubeIDE/plugins/com.st.stm32cube.ide.mcu.externaltools.gnu-tools-for-stm32.11.3.rel1.win32_1.1.100.202309141235/tools/bin/../lib/gcc/arm-none-eabi/11.3.1/thumb/v6-m/nofp\libgcc.a(fixsfsi.o)
 .ARM.attributes
                0x00000000000007b5       0x2c D:/Tool/STM32CubeIDE_1.6.1/STM32CubeIDE/plugins/com.st.stm32cube.ide.mcu.externaltools.gnu-tools-for-stm32.11.3.rel1.win32_1.1.100.202309141235/tools/bin/../lib/gcc/arm-none-eabi/11.3.1/thumb/v6-m/nofp\libgcc.a(floatsisf.o)
 .ARM.attributes
                0x00000000000007e1       0x2c D:/Tool/STM32CubeIDE_1.6.1/STM32CubeIDE/plugins/com.st.stm32cube.ide.mcu.externaltools.gnu-tools-for-stm32.11.3.rel1.win32_1.1.100.202309141235/tools/bin/../lib/gcc/arm-none-eabi/11.3.1/thumb/v6-m/nofp\libgcc.a(floatunsisf.o)
 .ARM.attributes
                0x000000000000080d       0x2c D:/Tool/STM32CubeIDE_1.6.1/STM32CubeIDE/plugins/com.st.stm32cube.ide.mcu.externaltools.gnu-tools-for-stm32.11.3.rel1.win32_1.1.100.202309141235/tools/bin/../lib/gcc/arm-none-eabi/11.3.1/thumb/v6-m/nofp\libgcc.a(divdf3.o)
 .ARM.attributes
                0x0000000000000839       0x2c D:/Tool/STM32CubeIDE_1.6.1/STM32CubeIDE/plugins/com.st.stm32cube.ide.mcu.externaltools.gnu-tools-for-stm32.11.3.rel1.win32_1.1.100.202309141235/tools/bin/../lib/gcc/arm-none-eabi/11.3.1/thumb/v6-m/nofp\libgcc.a(eqdf2.o)
 .ARM.attributes
                0x0000000000000865       0x2c D:/Tool/STM32CubeIDE_1.6.1/STM32CubeIDE/plugins/com.st.stm32cube.ide.mcu.externaltools.gnu-tools-for-stm32.11.3.rel1.win32_1.1.100.202309141235/tools/bin/../lib/gcc/arm-none-eabi/11.3.1/thumb/v6-m/nofp\libgcc.a(gedf2.o)
 .ARM.attributes
                0x0000000000000891       0x2c D:/Tool/STM32CubeIDE_1.6.1/STM32CubeIDE/plugins/com.st.stm32cube.ide.mcu.externaltools.gnu-tools-for-stm32.11.3.rel1.win32_1.1.100.202309141235/tools/bin/../lib/gcc/arm-none-eabi/11.3.1/thumb/v6-m/nofp\libgcc.a(ledf2.o)
 .ARM.attributes
                0x00000000000008bd       0x2c D:/Tool/STM32CubeIDE_1.6.1/STM32CubeIDE/plugins/com.st.stm32cube.ide.mcu.externaltools.gnu-tools-for-stm32.11.3.rel1.win32_1.1.100.202309141235/tools/bin/../lib/gcc/arm-none-eabi/11.3.1/thumb/v6-m/nofp\libgcc.a(muldf3.o)
 .ARM.attributes
                0x00000000000008e9       0x2c D:/Tool/STM32CubeIDE_1.6.1/STM32CubeIDE/plugins/com.st.stm32cube.ide.mcu.externaltools.gnu-tools-for-stm32.11.3.rel1.win32_1.1.100.202309141235/tools/bin/../lib/gcc/arm-none-eabi/11.3.1/thumb/v6-m/nofp\libgcc.a(floatsidf.o)
 .ARM.attributes
                0x0000000000000915       0x2c D:/Tool/STM32CubeIDE_1.6.1/STM32CubeIDE/plugins/com.st.stm32cube.ide.mcu.externaltools.gnu-tools-for-stm32.11.3.rel1.win32_1.1.100.202309141235/tools/bin/../lib/gcc/arm-none-eabi/11.3.1/thumb/v6-m/nofp\libgcc.a(extendsfdf2.o)
 .ARM.attributes
                0x0000000000000941       0x2c D:/Tool/STM32CubeIDE_1.6.1/STM32CubeIDE/plugins/com.st.stm32cube.ide.mcu.externaltools.gnu-tools-for-stm32.11.3.rel1.win32_1.1.100.202309141235/tools/bin/../lib/gcc/arm-none-eabi/11.3.1/thumb/v6-m/nofp\libgcc.a(truncdfsf2.o)
 .ARM.attributes
                0x000000000000096d       0x1e D:/Tool/STM32CubeIDE_1.6.1/STM32CubeIDE/plugins/com.st.stm32cube.ide.mcu.externaltools.gnu-tools-for-stm32.11.3.rel1.win32_1.1.100.202309141235/tools/bin/../lib/gcc/arm-none-eabi/11.3.1/thumb/v6-m/nofp\libgcc.a(_clzsi2.o)
 .ARM.attributes
                0x000000000000098b       0x1e D:/Tool/STM32CubeIDE_1.6.1/STM32CubeIDE/plugins/com.st.stm32cube.ide.mcu.externaltools.gnu-tools-for-stm32.11.3.rel1.win32_1.1.100.202309141235/tools/bin/../lib/gcc/arm-none-eabi/11.3.1/thumb/v6-m/nofp/crtn.o
OUTPUT(bbb.elf elf32-littlearm)
LOAD linker stubs
LOAD D:/Tool/STM32CubeIDE_1.6.1/STM32CubeIDE/plugins/com.st.stm32cube.ide.mcu.externaltools.gnu-tools-for-stm32.11.3.rel1.win32_1.1.100.202309141235/tools/bin/../lib/gcc/arm-none-eabi/11.3.1/../../../../arm-none-eabi/lib/thumb/v6-m/nofp\libc.a
LOAD D:/Tool/STM32CubeIDE_1.6.1/STM32CubeIDE/plugins/com.st.stm32cube.ide.mcu.externaltools.gnu-tools-for-stm32.11.3.rel1.win32_1.1.100.202309141235/tools/bin/../lib/gcc/arm-none-eabi/11.3.1/../../../../arm-none-eabi/lib/thumb/v6-m/nofp\libm.a
LOAD D:/Tool/STM32CubeIDE_1.6.1/STM32CubeIDE/plugins/com.st.stm32cube.ide.mcu.externaltools.gnu-tools-for-stm32.11.3.rel1.win32_1.1.100.202309141235/tools/bin/../lib/gcc/arm-none-eabi/11.3.1/thumb/v6-m/nofp\libgcc.a

.comment        0x0000000000000000       0x43
 .comment       0x0000000000000000       0x43 D:/Tool/STM32CubeIDE_1.6.1/STM32CubeIDE/plugins/com.st.stm32cube.ide.mcu.externaltools.gnu-tools-for-stm32.11.3.rel1.win32_1.1.100.202309141235/tools/bin/../lib/gcc/arm-none-eabi/11.3.1/thumb/v6-m/nofp/crtbegin.o
                                         0x44 (size before relaxing)
 .comment       0x0000000000000043       0x44 ./Core/Src/MyForceControl.o
 .comment       0x0000000000000043       0x44 ./Core/Src/MyMotor.o
 .comment       0x0000000000000043       0x44 ./Core/Src/MyWeight.o
 .comment       0x0000000000000043       0x44 ./Core/Src/io_i2c.o
 .comment       0x0000000000000043       0x44 ./Core/Src/main.o
 .comment       0x0000000000000043       0x44 ./Core/Src/stm32f0xx_hal_msp.o
 .comment       0x0000000000000043       0x44 ./Core/Src/stm32f0xx_it.o
 .comment       0x0000000000000043       0x44 ./Core/Src/system_stm32f0xx.o
 .comment       0x0000000000000043       0x44 ./Core/Src/usb_device.o
 .comment       0x0000000000000043       0x44 ./Core/Src/usbd_cdc.o
 .comment       0x0000000000000043       0x44 ./Core/Src/usbd_cdc_if.o
 .comment       0x0000000000000043       0x44 ./Core/Src/usbd_conf.o
 .comment       0x0000000000000043       0x44 ./Core/Src/usbd_core.o
 .comment       0x0000000000000043       0x44 ./Core/Src/usbd_ctlreq.o
 .comment       0x0000000000000043       0x44 ./Core/Src/usbd_desc.o
 .comment       0x0000000000000043       0x44 ./Core/Src/usbd_ioreq.o
 .comment       0x0000000000000043       0x44 ./Drivers/STM32F0xx_HAL_Driver/Src/stm32f0xx_hal.o
 .comment       0x0000000000000043       0x44 ./Drivers/STM32F0xx_HAL_Driver/Src/stm32f0xx_hal_adc.o
 .comment       0x0000000000000043       0x44 ./Drivers/STM32F0xx_HAL_Driver/Src/stm32f0xx_hal_adc_ex.o
 .comment       0x0000000000000043       0x44 ./Drivers/STM32F0xx_HAL_Driver/Src/stm32f0xx_hal_can.o
 .comment       0x0000000000000043       0x44 ./Drivers/STM32F0xx_HAL_Driver/Src/stm32f0xx_hal_cortex.o
 .comment       0x0000000000000043       0x44 ./Drivers/STM32F0xx_HAL_Driver/Src/stm32f0xx_hal_gpio.o
 .comment       0x0000000000000043       0x44 ./Drivers/STM32F0xx_HAL_Driver/Src/stm32f0xx_hal_pcd.o
 .comment       0x0000000000000043       0x44 ./Drivers/STM32F0xx_HAL_Driver/Src/stm32f0xx_hal_pcd_ex.o
 .comment       0x0000000000000043       0x44 ./Drivers/STM32F0xx_HAL_Driver/Src/stm32f0xx_hal_rcc.o
 .comment       0x0000000000000043       0x44 ./Drivers/STM32F0xx_HAL_Driver/Src/stm32f0xx_hal_rcc_ex.o
 .comment       0x0000000000000043       0x44 ./Drivers/STM32F0xx_HAL_Driver/Src/stm32f0xx_hal_tim.o
 .comment       0x0000000000000043       0x44 ./Drivers/STM32F0xx_HAL_Driver/Src/stm32f0xx_hal_tim_ex.o
 .comment       0x0000000000000043       0x44 ./Drivers/STM32F0xx_HAL_Driver/Src/stm32f0xx_ll_usb.o

.debug_info     0x0000000000000000    0x1649f
 .debug_info    0x0000000000000000      0x13f ./Core/Src/MyForceControl.o
 .debug_info    0x000000000000013f      0xae9 ./Core/Src/MyMotor.o
 .debug_info    0x0000000000000c28      0x65c ./Core/Src/MyWeight.o
 .debug_info    0x0000000000001284      0x486 ./Core/Src/io_i2c.o
 .debug_info    0x000000000000170a     0x1955 ./Core/Src/main.o
 .debug_info    0x000000000000305f     0x1193 ./Core/Src/stm32f0xx_hal_msp.o
 .debug_info    0x00000000000041f2     0x1186 ./Core/Src/stm32f0xx_it.o
 .debug_info    0x0000000000005378      0x242 ./Core/Src/system_stm32f0xx.o
 .debug_info    0x00000000000055ba      0x63d ./Core/Src/usb_device.o
 .debug_info    0x0000000000005bf7     0x1060 ./Core/Src/usbd_cdc.o
 .debug_info    0x0000000000006c57      0xe9b ./Core/Src/usbd_cdc_if.o
 .debug_info    0x0000000000007af2     0x175c ./Core/Src/usbd_conf.o
 .debug_info    0x000000000000924e      0xa52 ./Core/Src/usbd_core.o
 .debug_info    0x0000000000009ca0      0x91c ./Core/Src/usbd_ctlreq.o
 .debug_info    0x000000000000a5bc      0x44a ./Core/Src/usbd_desc.o
 .debug_info    0x000000000000aa06      0x6a0 ./Core/Src/usbd_ioreq.o
 .debug_info    0x000000000000b0a6       0x23 ./Core/Startup/startup_stm32f072c8ux.o
 .debug_info    0x000000000000b0c9      0x6c9 ./Drivers/STM32F0xx_HAL_Driver/Src/stm32f0xx_hal.o
 .debug_info    0x000000000000b792      0xc6a ./Drivers/STM32F0xx_HAL_Driver/Src/stm32f0xx_hal_adc.o
 .debug_info    0x000000000000c3fc      0x571 ./Drivers/STM32F0xx_HAL_Driver/Src/stm32f0xx_hal_adc_ex.o
 .debug_info    0x000000000000c96d      0xec9 ./Drivers/STM32F0xx_HAL_Driver/Src/stm32f0xx_hal_can.o
 .debug_info    0x000000000000d836      0x6c5 ./Drivers/STM32F0xx_HAL_Driver/Src/stm32f0xx_hal_cortex.o
 .debug_info    0x000000000000defb      0x5a6 ./Drivers/STM32F0xx_HAL_Driver/Src/stm32f0xx_hal_gpio.o
 .debug_info    0x000000000000e4a1     0x15db ./Drivers/STM32F0xx_HAL_Driver/Src/stm32f0xx_hal_pcd.o
 .debug_info    0x000000000000fa7c      0x80a ./Drivers/STM32F0xx_HAL_Driver/Src/stm32f0xx_hal_pcd_ex.o
 .debug_info    0x0000000000010286      0x83f ./Drivers/STM32F0xx_HAL_Driver/Src/stm32f0xx_hal_rcc.o