../Core/Src/main.c:92:6:safe_check_func	8	static
../Core/Src/main.c:101:6:set_zero	8	static
../Core/Src/main.c:120:5:main	24	static
../Core/Src/main.c:304:6:SystemClock_Config	112	static
../Core/Src/main.c:349:13:MX_ADC_Init	24	static
../Core/Src/main.c:403:13:MX_CAN_Init	8	static
../Core/Src/main.c:440:13:MX_TIM1_Init	32	static
../Core/Src/main.c:486:13:MX_TIM2_Init	48	static
../Core/Src/main.c:547:13:MX_TIM3_Init	32	static
../Core/Src/main.c:592:13:MX_GPIO_Init	48	static
../Core/Src/main.c:621:9:MCP4725_WriteData_Voltage	32	static
../Core/Src/main.c:639:6:HAL_TIM_PeriodElapsedCallback	16	static
../Core/Src/main.c:656:6:delay_us	24	static,ignoring_inline_asm
../Core/Src/main.c:678:6:Error_Handler	8	static,ignoring_inline_asm
